=== Program 5 Q3 streaming-store saxpy: cooldown 60s + 5 measured invocations ===
Input: N = 20,000,000, arrayX[i] = i, arrayY[i] = i, scale = 2
--- invocation 1 (cooldown 60s) ---
[saxpy ispc]:		[12.060] ms	[24.711] GB/s	[3.317] GFLOPS
[saxpy task ispc]:	[12.884] ms	[23.131] GB/s	[3.105] GFLOPS
[saxpy streaming]:	[11.145] ms	[26.741] GB/s	[3.589] GFLOPS
				(0.94x speedup from use of tasks)
				(1.08x speedup from streaming stores vs ISPC)
--- invocation 2 (cooldown 60s) ---
[saxpy ispc]:		[12.077] ms	[24.678] GB/s	[3.312] GFLOPS
[saxpy task ispc]:	[12.892] ms	[23.117] GB/s	[3.103] GFLOPS
[saxpy streaming]:	[8.889] ms	[33.529] GB/s	[4.500] GFLOPS
				(0.94x speedup from use of tasks)
				(1.36x speedup from streaming stores vs ISPC)
--- invocation 3 (cooldown 60s) ---
[saxpy ispc]:		[13.512] ms	[22.056] GB/s	[2.960] GFLOPS
[saxpy task ispc]:	[13.117] ms	[22.720] GB/s	[3.049] GFLOPS
[saxpy streaming]:	[9.260] ms	[32.185] GB/s	[4.320] GFLOPS
				(1.03x speedup from use of tasks)
				(1.46x speedup from streaming stores vs ISPC)
--- invocation 4 (cooldown 60s) ---
[saxpy ispc]:		[17.410] ms	[17.118] GB/s	[2.298] GFLOPS
[saxpy task ispc]:	[13.633] ms	[21.860] GB/s	[2.934] GFLOPS
[saxpy streaming]:	[12.555] ms	[23.737] GB/s	[3.186] GFLOPS
				(1.28x speedup from use of tasks)
				(1.39x speedup from streaming stores vs ISPC)
--- invocation 5 (cooldown 60s) ---
[saxpy ispc]:		[16.879] ms	[17.656] GB/s	[2.370] GFLOPS
[saxpy task ispc]:	[13.752] ms	[21.672] GB/s	[2.909] GFLOPS
[saxpy streaming]:	[11.919] ms	[25.005] GB/s	[3.356] GFLOPS
				(1.23x speedup from use of tasks)
				(1.42x speedup from streaming stores vs ISPC)
