=== Warmup: 5 runs at -t 8 -v 1 ===

=== Measurements: 5 runs per thread count, view 1 ===

------- threads = 2 -------
--- invocation 1 ---
[mandelbrot serial]:		[640.046] ms
Wrote image file mandelbrot-serial.ppm
[worker 0/2 rows 0..600]: 351.125 ms
[worker 1/2 rows 600..1200]: 353.583 ms
[worker 0/2 rows 0..600]: 363.875 ms
[worker 1/2 rows 600..1200]: 367.568 ms
[worker 0/2 rows 0..600]: 373.642 ms
[worker 1/2 rows 600..1200]: 373.738 ms
[worker 0/2 rows 0..600]: 359.607 ms
[worker 1/2 rows 600..1200]: 361.300 ms
[worker 1/2 rows 600..1200]: 347.306 ms
[worker 0/2 rows 0..600]: 350.018 ms
[mandelbrot thread]:		[350.183] ms
Wrote image file mandelbrot-thread.ppm
				(1.83x speedup from 2 threads)
--- invocation 2 ---
[mandelbrot serial]:		[636.208] ms
Wrote image file mandelbrot-serial.ppm
[worker 1/2 rows 600..1200]: 349.720 ms
[worker 0/2 rows 0..600]: 349.957 ms
[worker 1/2 rows 600..1200]: 366.133 ms
[worker 0/2 rows 0..600]: 367.982 ms
[worker 0/2 rows 0..600]: 350.196 ms
[worker 1/2 rows 600..1200]: 352.366 ms
[worker 0/2 rows 0..600]: 352.169 ms
[worker 1/2 rows 600..1200]: 365.071 ms
[worker 0/2 rows 0..600]: 352.026 ms
[worker 1/2 rows 600..1200]: 363.985 ms
[mandelbrot thread]:		[350.196] ms
Wrote image file mandelbrot-thread.ppm
				(1.82x speedup from 2 threads)
--- invocation 3 ---
[mandelbrot serial]:		[581.212] ms
Wrote image file mandelbrot-serial.ppm
[worker 0/2 rows 0..600]: 319.914 ms
[worker 1/2 rows 600..1200]: 322.803 ms
[worker 0/2 rows 0..600]: 327.915 ms
[worker 1/2 rows 600..1200]: 329.361 ms
[worker 0/2 rows 0..600]: 333.648 ms
[worker 1/2 rows 600..1200]: 334.012 ms
[worker 0/2 rows 0..600]: 323.848 ms
[worker 1/2 rows 600..1200]: 327.890 ms
[worker 0/2 rows 0..600]: 315.461 ms
[worker 1/2 rows 600..1200]: 320.004 ms
[mandelbrot thread]:		[320.336] ms
Wrote image file mandelbrot-thread.ppm
				(1.81x speedup from 2 threads)
--- invocation 4 ---
[mandelbrot serial]:		[593.903] ms
Wrote image file mandelbrot-serial.ppm
[worker 1/2 rows 600..1200]: 324.486 ms
[worker 0/2 rows 0..600]: 327.672 ms
[worker 0/2 rows 0..600]: 329.811 ms
[worker 1/2 rows 600..1200]: 334.643 ms
[worker 1/2 rows 600..1200]: 341.966 ms
[worker 0/2 rows 0..600]: 347.525 ms
[worker 0/2 rows 0..600]: 351.664 ms
[worker 1/2 rows 600..1200]: 357.012 ms
[worker 1/2 rows 600..1200]: 374.393 ms
[worker 0/2 rows 0..600]: 376.611 ms
[mandelbrot thread]:		[327.828] ms
Wrote image file mandelbrot-thread.ppm
				(1.81x speedup from 2 threads)
--- invocation 5 ---
[mandelbrot serial]:		[648.980] ms
Wrote image file mandelbrot-serial.ppm
[worker 1/2 rows 600..1200]: 352.498 ms
[worker 0/2 rows 0..600]: 354.008 ms
[worker 1/2 rows 600..1200]: 345.129 ms
[worker 0/2 rows 0..600]: 347.733 ms
[worker 1/2 rows 600..1200]: 373.715 ms
[worker 0/2 rows 0..600]: 377.268 ms
[worker 0/2 rows 0..600]: 363.544 ms
[worker 1/2 rows 600..1200]: 366.740 ms
[worker 1/2 rows 600..1200]: 348.990 ms
[worker 0/2 rows 0..600]: 349.119 ms
[mandelbrot thread]:		[347.990] ms
Wrote image file mandelbrot-thread.ppm
				(1.86x speedup from 2 threads)

------- threads = 3 -------
--- invocation 1 ---
[mandelbrot serial]:		[591.611] ms
Wrote image file mandelbrot-serial.ppm
[worker 0/3 rows 0..400]: 124.751 ms
[worker 2/3 rows 800..1200]: 125.760 ms
[worker 1/3 rows 400..800]: 380.532 ms
[worker 2/3 rows 800..1200]: 135.240 ms
[worker 0/3 rows 0..400]: 136.855 ms
[worker 1/3 rows 400..800]: 409.551 ms
[worker 0/3 rows 0..400]: 133.082 ms
[worker 2/3 rows 800..1200]: 133.243 ms
[worker 1/3 rows 400..800]: 385.288 ms
[worker 0/3 rows 0..400]: 122.877 ms
[worker 2/3 rows 800..1200]: 126.377 ms
[worker 1/3 rows 400..800]: 378.626 ms
[worker 0/3 rows 0..400]: 126.170 ms
[worker 2/3 rows 800..1200]: 128.638 ms
[worker 1/3 rows 400..800]: 391.944 ms
[mandelbrot thread]:		[379.007] ms
Wrote image file mandelbrot-thread.ppm
				(1.56x speedup from 3 threads)
--- invocation 2 ---
[mandelbrot serial]:		[584.343] ms
Wrote image file mandelbrot-serial.ppm
[worker 2/3 rows 800..1200]: 128.443 ms
[worker 0/3 rows 0..400]: 129.046 ms
[worker 1/3 rows 400..800]: 381.641 ms
[worker 0/3 rows 0..400]: 130.037 ms
[worker 2/3 rows 800..1200]: 131.091 ms
[worker 1/3 rows 400..800]: 391.532 ms
[worker 2/3 rows 800..1200]: 127.598 ms
[worker 0/3 rows 0..400]: 128.470 ms
[worker 1/3 rows 400..800]: 379.264 ms
[worker 2/3 rows 800..1200]: 130.427 ms
[worker 0/3 rows 0..400]: 130.562 ms
[worker 1/3 rows 400..800]: 395.444 ms
[worker 0/3 rows 0..400]: 131.190 ms
[worker 2/3 rows 800..1200]: 134.648 ms
[worker 1/3 rows 400..800]: 398.833 ms
[mandelbrot thread]:		[379.629] ms
Wrote image file mandelbrot-thread.ppm
				(1.54x speedup from 3 threads)
--- invocation 3 ---
[mandelbrot serial]:		[579.057] ms
Wrote image file mandelbrot-serial.ppm
[worker 2/3 rows 800..1200]: 127.038 ms
[worker 0/3 rows 0..400]: 127.142 ms
[worker 1/3 rows 400..800]: 391.297 ms
[worker 0/3 rows 0..400]: 127.693 ms
[worker 2/3 rows 800..1200]: 129.379 ms
[worker 1/3 rows 400..800]: 366.723 ms
[worker 0/3 rows 0..400]: 123.477 ms
[worker 2/3 rows 800..1200]: 124.209 ms
[worker 1/3 rows 400..800]: 400.133 ms
[worker 0/3 rows 0..400]: 130.338 ms
[worker 2/3 rows 800..1200]: 130.574 ms
[worker 1/3 rows 400..800]: 390.176 ms
[worker 0/3 rows 0..400]: 124.223 ms
[worker 2/3 rows 800..1200]: 126.819 ms
[worker 1/3 rows 400..800]: 374.776 ms
[mandelbrot thread]:		[367.057] ms
Wrote image file mandelbrot-thread.ppm
				(1.58x speedup from 3 threads)
--- invocation 4 ---
[mandelbrot serial]:		[587.871] ms
Wrote image file mandelbrot-serial.ppm
[worker 0/3 rows 0..400]: 122.222 ms
[worker 2/3 rows 800..1200]: 122.720 ms
[worker 1/3 rows 400..800]: 386.232 ms
[worker 2/3 rows 800..1200]: 125.616 ms
[worker 0/3 rows 0..400]: 126.239 ms
[worker 1/3 rows 400..800]: 375.932 ms
[worker 0/3 rows 0..400]: 125.074 ms
[worker 2/3 rows 800..1200]: 126.703 ms
[worker 1/3 rows 400..800]: 371.309 ms
[worker 0/3 rows 0..400]: 122.023 ms
[worker 2/3 rows 800..1200]: 123.826 ms
[worker 1/3 rows 400..800]: 377.454 ms
[worker 0/3 rows 0..400]: 119.666 ms
[worker 2/3 rows 800..1200]: 124.277 ms
[worker 1/3 rows 400..800]: 368.767 ms
[mandelbrot thread]:		[369.183] ms
Wrote image file mandelbrot-thread.ppm
				(1.59x speedup from 3 threads)
--- invocation 5 ---
[mandelbrot serial]:		[586.271] ms
Wrote image file mandelbrot-serial.ppm
[worker 0/3 rows 0..400]: 121.456 ms
[worker 2/3 rows 800..1200]: 125.780 ms
[worker 1/3 rows 400..800]: 361.910 ms
[worker 0/3 rows 0..400]: 119.514 ms
[worker 2/3 rows 800..1200]: 120.724 ms
[worker 1/3 rows 400..800]: 379.128 ms
[worker 2/3 rows 800..1200]: 193.249 ms
[worker 0/3 rows 0..400]: 197.547 ms
[worker 1/3 rows 400..800]: 461.495 ms
[worker 0/3 rows 0..400]: 151.962 ms
[worker 2/3 rows 800..1200]: 164.625 ms
[worker 1/3 rows 400..800]: 434.110 ms
[worker 0/3 rows 0..400]: 144.069 ms
[worker 2/3 rows 800..1200]: 151.778 ms
[worker 1/3 rows 400..800]: 421.992 ms
[mandelbrot thread]:		[362.266] ms
Wrote image file mandelbrot-thread.ppm
				(1.62x speedup from 3 threads)

------- threads = 4 -------
--- invocation 1 ---
[mandelbrot serial]:		[635.787] ms
Wrote image file mandelbrot-serial.ppm
[worker 0/4 rows 0..300]: 69.226 ms
[worker 3/4 rows 900..1200]: 70.552 ms
[worker 1/4 rows 300..600]: 279.641 ms
[worker 2/4 rows 600..900]: 280.317 ms
[worker 0/4 rows 0..300]: 67.162 ms
[worker 3/4 rows 900..1200]: 68.701 ms
[worker 1/4 rows 300..600]: 282.019 ms
[worker 2/4 rows 600..900]: 293.042 ms
[worker 3/4 rows 900..1200]: 70.823 ms
[worker 0/4 rows 0..300]: 71.720 ms
[worker 2/4 rows 600..900]: 298.018 ms
[worker 1/4 rows 300..600]: 305.395 ms
[worker 3/4 rows 900..1200]: 77.266 ms
[worker 0/4 rows 0..300]: 84.532 ms
[worker 2/4 rows 600..900]: 306.235 ms
[worker 1/4 rows 300..600]: 306.674 ms
[worker 0/4 rows 0..300]: 83.248 ms
[worker 3/4 rows 900..1200]: 84.937 ms
[worker 2/4 rows 600..900]: 307.429 ms
[worker 1/4 rows 300..600]: 311.536 ms
[mandelbrot thread]:		[280.782] ms
Wrote image file mandelbrot-thread.ppm
				(2.26x speedup from 4 threads)
--- invocation 2 ---
[mandelbrot serial]:		[630.574] ms
Wrote image file mandelbrot-serial.ppm
[worker 3/4 rows 900..1200]: 63.524 ms
[worker 0/4 rows 0..300]: 64.426 ms
[worker 1/4 rows 300..600]: 268.470 ms
[worker 2/4 rows 600..900]: 270.101 ms
[worker 3/4 rows 900..1200]: 63.073 ms
[worker 0/4 rows 0..300]: 75.098 ms
[worker 1/4 rows 300..600]: 292.628 ms
[worker 2/4 rows 600..900]: 296.260 ms
[worker 3/4 rows 900..1200]: 72.080 ms
[worker 0/4 rows 0..300]: 74.495 ms
[worker 1/4 rows 300..600]: 299.801 ms
[worker 2/4 rows 600..900]: 307.761 ms
[worker 3/4 rows 900..1200]: 74.278 ms
[worker 0/4 rows 0..300]: 74.457 ms
[worker 1/4 rows 300..600]: 290.024 ms
[worker 2/4 rows 600..900]: 291.437 ms
[worker 3/4 rows 900..1200]: 66.897 ms
[worker 0/4 rows 0..300]: 70.181 ms
[worker 1/4 rows 300..600]: 274.981 ms
[worker 2/4 rows 600..900]: 282.562 ms
[mandelbrot thread]:		[270.530] ms
Wrote image file mandelbrot-thread.ppm
				(2.33x speedup from 4 threads)
--- invocation 3 ---
[mandelbrot serial]:		[588.781] ms
Wrote image file mandelbrot-serial.ppm
[worker 3/4 rows 900..1200]: 60.151 ms
[worker 0/4 rows 0..300]: 64.857 ms
[worker 2/4 rows 600..900]: 269.186 ms
[worker 1/4 rows 300..600]: 276.583 ms
[worker 0/4 rows 0..300]: 62.748 ms
[worker 3/4 rows 900..1200]: 69.711 ms
[worker 1/4 rows 300..600]: 274.901 ms
[worker 2/4 rows 600..900]: 281.159 ms
[worker 0/4 rows 0..300]: 68.097 ms
[worker 3/4 rows 900..1200]: 70.934 ms
[worker 1/4 rows 300..600]: 284.279 ms
[worker 2/4 rows 600..900]: 284.652 ms
[worker 0/4 rows 0..300]: 61.582 ms
[worker 3/4 rows 900..1200]: 72.642 ms
[worker 1/4 rows 300..600]: 267.458 ms
[worker 2/4 rows 600..900]: 273.340 ms
[worker 0/4 rows 0..300]: 64.038 ms
[worker 3/4 rows 900..1200]: 66.245 ms
[worker 1/4 rows 300..600]: 267.967 ms
[worker 2/4 rows 600..900]: 270.583 ms
[mandelbrot thread]:		[271.178] ms
Wrote image file mandelbrot-thread.ppm
				(2.17x speedup from 4 threads)
--- invocation 4 ---
[mandelbrot serial]:		[563.591] ms
Wrote image file mandelbrot-serial.ppm
[worker 0/4 rows 0..300]: 60.566 ms
[worker 3/4 rows 900..1200]: 62.934 ms
[worker 1/4 rows 300..600]: 265.207 ms
[worker 2/4 rows 600..900]: 269.279 ms
[worker 0/4 rows 0..300]: 65.322 ms
[worker 3/4 rows 900..1200]: 71.630 ms
[worker 1/4 rows 300..600]: 265.725 ms
[worker 2/4 rows 600..900]: 271.030 ms
[worker 0/4 rows 0..300]: 61.923 ms
[worker 3/4 rows 900..1200]: 63.035 ms
[worker 1/4 rows 300..600]: 259.009 ms
[worker 2/4 rows 600..900]: 260.676 ms
[worker 0/4 rows 0..300]: 62.471 ms
[worker 3/4 rows 900..1200]: 64.029 ms
[worker 1/4 rows 300..600]: 268.576 ms
[worker 2/4 rows 600..900]: 270.318 ms
[worker 3/4 rows 900..1200]: 66.006 ms
[worker 0/4 rows 0..300]: 67.086 ms
[worker 1/4 rows 300..600]: 272.702 ms
[worker 2/4 rows 600..900]: 272.959 ms
[mandelbrot thread]:		[260.971] ms
Wrote image file mandelbrot-thread.ppm
				(2.16x speedup from 4 threads)
--- invocation 5 ---
[mandelbrot serial]:		[585.602] ms
Wrote image file mandelbrot-serial.ppm
[worker 3/4 rows 900..1200]: 66.090 ms
[worker 0/4 rows 0..300]: 71.547 ms
[worker 1/4 rows 300..600]: 273.588 ms
[worker 2/4 rows 600..900]: 274.342 ms
[worker 3/4 rows 900..1200]: 65.878 ms
[worker 0/4 rows 0..300]: 65.986 ms
[worker 1/4 rows 300..600]: 269.970 ms
[worker 2/4 rows 600..900]: 270.855 ms
[worker 0/4 rows 0..300]: 82.349 ms
[worker 3/4 rows 900..1200]: 95.275 ms
[worker 1/4 rows 300..600]: 301.624 ms
[worker 2/4 rows 600..900]: 306.709 ms
[worker 3/4 rows 900..1200]: 68.968 ms
[worker 0/4 rows 0..300]: 70.077 ms
[worker 1/4 rows 300..600]: 268.033 ms
[worker 2/4 rows 600..900]: 270.550 ms
[worker 0/4 rows 0..300]: 68.195 ms
[worker 3/4 rows 900..1200]: 70.370 ms
[worker 1/4 rows 300..600]: 280.038 ms
[worker 2/4 rows 600..900]: 283.531 ms
[mandelbrot thread]:		[270.931] ms
Wrote image file mandelbrot-thread.ppm
				(2.16x speedup from 4 threads)

------- threads = 5 -------
--- invocation 1 ---
[mandelbrot serial]:		[590.381] ms
Wrote image file mandelbrot-serial.ppm
[worker 4/5 rows 960..1200]: 30.601 ms
[worker 0/5 rows 0..240]: 31.414 ms
[worker 1/5 rows 240..480]: 178.712 ms
[worker 3/5 rows 720..960]: 179.821 ms
[worker 2/5 rows 480..720]: 270.253 ms
[worker 4/5 rows 960..1200]: 33.136 ms
[worker 0/5 rows 0..240]: 36.240 ms
[worker 1/5 rows 240..480]: 174.977 ms
[worker 3/5 rows 720..960]: 179.224 ms
[worker 2/5 rows 480..720]: 277.440 ms
[worker 0/5 rows 0..240]: 33.086 ms
[worker 4/5 rows 960..1200]: 33.430 ms
[worker 3/5 rows 720..960]: 176.218 ms
[worker 1/5 rows 240..480]: 177.634 ms
[worker 2/5 rows 480..720]: 270.099 ms
[worker 0/5 rows 0..240]: 31.716 ms
[worker 4/5 rows 960..1200]: 31.681 ms
[worker 1/5 rows 240..480]: 181.399 ms
[worker 3/5 rows 720..960]: 181.658 ms
[worker 2/5 rows 480..720]: 278.757 ms
[worker 4/5 rows 960..1200]: 32.882 ms
[worker 0/5 rows 0..240]: 33.086 ms
[worker 3/5 rows 720..960]: 179.950 ms
[worker 1/5 rows 240..480]: 180.989 ms
[worker 2/5 rows 480..720]: 276.594 ms
[mandelbrot thread]:		[270.526] ms
Wrote image file mandelbrot-thread.ppm
				(2.18x speedup from 5 threads)
--- invocation 2 ---
[mandelbrot serial]:		[586.770] ms
Wrote image file mandelbrot-serial.ppm
[worker 4/5 rows 960..1200]: 31.666 ms
[worker 0/5 rows 0..240]: 32.836 ms
[worker 1/5 rows 240..480]: 180.581 ms
[worker 3/5 rows 720..960]: 185.075 ms
[worker 2/5 rows 480..720]: 268.942 ms
[worker 4/5 rows 960..1200]: 28.748 ms
[worker 0/5 rows 0..240]: 31.348 ms
[worker 3/5 rows 720..960]: 169.452 ms
[worker 1/5 rows 240..480]: 177.343 ms
[worker 2/5 rows 480..720]: 264.068 ms
[worker 4/5 rows 960..1200]: 38.432 ms
[worker 0/5 rows 0..240]: 38.667 ms
[worker 1/5 rows 240..480]: 189.041 ms
[worker 3/5 rows 720..960]: 193.499 ms
[worker 2/5 rows 480..720]: 287.904 ms
[worker 4/5 rows 960..1200]: 36.322 ms
[worker 0/5 rows 0..240]: 37.755 ms
[worker 3/5 rows 720..960]: 185.247 ms
[worker 1/5 rows 240..480]: 187.123 ms
[worker 2/5 rows 480..720]: 285.662 ms
[worker 0/5 rows 0..240]: 31.253 ms
[worker 4/5 rows 960..1200]: 34.763 ms
[worker 1/5 rows 240..480]: 180.856 ms
[worker 3/5 rows 720..960]: 183.436 ms
[worker 2/5 rows 480..720]: 284.758 ms
[mandelbrot thread]:		[264.494] ms
Wrote image file mandelbrot-thread.ppm
				(2.22x speedup from 5 threads)
--- invocation 3 ---
[mandelbrot serial]:		[594.400] ms
Wrote image file mandelbrot-serial.ppm
[worker 4/5 rows 960..1200]: 31.211 ms
[worker 0/5 rows 0..240]: 33.394 ms
[worker 3/5 rows 720..960]: 177.750 ms
[worker 1/5 rows 240..480]: 178.405 ms
[worker 2/5 rows 480..720]: 275.433 ms
[worker 4/5 rows 960..1200]: 29.916 ms
[worker 0/5 rows 0..240]: 32.041 ms
[worker 1/5 rows 240..480]: 178.158 ms
[worker 3/5 rows 720..960]: 181.900 ms
[worker 2/5 rows 480..720]: 306.185 ms
[worker 4/5 rows 960..1200]: 33.620 ms
[worker 0/5 rows 0..240]: 34.586 ms
[worker 3/5 rows 720..960]: 191.729 ms
[worker 1/5 rows 240..480]: 192.423 ms
[worker 2/5 rows 480..720]: 292.247 ms
[worker 0/5 rows 0..240]: 33.233 ms
[worker 4/5 rows 960..1200]: 33.607 ms
[worker 1/5 rows 240..480]: 190.629 ms
[worker 3/5 rows 720..960]: 193.602 ms
[worker 2/5 rows 480..720]: 297.583 ms
[worker 0/5 rows 0..240]: 38.663 ms
[worker 4/5 rows 960..1200]: 41.480 ms
[worker 1/5 rows 240..480]: 188.289 ms
[worker 3/5 rows 720..960]: 194.515 ms
[worker 2/5 rows 480..720]: 296.295 ms
[mandelbrot thread]:		[275.770] ms
Wrote image file mandelbrot-thread.ppm
				(2.16x speedup from 5 threads)
--- invocation 4 ---
[mandelbrot serial]:		[578.831] ms
Wrote image file mandelbrot-serial.ppm
[worker 0/5 rows 0..240]: 34.388 ms
[worker 4/5 rows 960..1200]: 34.496 ms
[worker 3/5 rows 720..960]: 193.858 ms
[worker 1/5 rows 240..480]: 197.692 ms
[worker 2/5 rows 480..720]: 301.194 ms
[worker 0/5 rows 0..240]: 44.190 ms
[worker 4/5 rows 960..1200]: 54.878 ms
[worker 1/5 rows 240..480]: 217.296 ms
[worker 3/5 rows 720..960]: 222.389 ms
[worker 2/5 rows 480..720]: 332.636 ms
[worker 0/5 rows 0..240]: 36.742 ms
[worker 4/5 rows 960..1200]: 42.356 ms
[worker 1/5 rows 240..480]: 187.570 ms
[worker 3/5 rows 720..960]: 189.504 ms
[worker 2/5 rows 480..720]: 295.501 ms
[worker 0/5 rows 0..240]: 34.992 ms
[worker 4/5 rows 960..1200]: 35.660 ms
[worker 3/5 rows 720..960]: 190.143 ms
[worker 1/5 rows 240..480]: 191.927 ms
[worker 2/5 rows 480..720]: 301.792 ms
[worker 4/5 rows 960..1200]: 31.351 ms
[worker 0/5 rows 0..240]: 33.799 ms
[worker 3/5 rows 720..960]: 192.030 ms
[worker 1/5 rows 240..480]: 201.200 ms
[worker 2/5 rows 480..720]: 299.073 ms
[mandelbrot thread]:		[296.026] ms
Wrote image file mandelbrot-thread.ppm
				(1.96x speedup from 5 threads)
--- invocation 5 ---
[mandelbrot serial]:		[608.046] ms
Wrote image file mandelbrot-serial.ppm
[worker 4/5 rows 960..1200]: 30.111 ms
[worker 0/5 rows 0..240]: 37.427 ms
[worker 3/5 rows 720..960]: 178.548 ms
[worker 1/5 rows 240..480]: 179.856 ms
[worker 2/5 rows 480..720]: 270.163 ms
[worker 4/5 rows 960..1200]: 31.324 ms
[worker 0/5 rows 0..240]: 32.870 ms
[worker 3/5 rows 720..960]: 181.787 ms
[worker 1/5 rows 240..480]: 182.119 ms
[worker 2/5 rows 480..720]: 298.399 ms
[worker 0/5 rows 0..240]: 36.024 ms
[worker 4/5 rows 960..1200]: 38.043 ms
[worker 1/5 rows 240..480]: 256.605 ms
[worker 3/5 rows 720..960]: 258.453 ms
[worker 2/5 rows 480..720]: 362.538 ms
[worker 4/5 rows 960..1200]: 34.483 ms
[worker 0/5 rows 0..240]: 35.607 ms
[worker 3/5 rows 720..960]: 180.858 ms
[worker 1/5 rows 240..480]: 187.826 ms
[worker 2/5 rows 480..720]: 291.904 ms
[worker 4/5 rows 960..1200]: 32.885 ms
[worker 0/5 rows 0..240]: 33.663 ms
[worker 3/5 rows 720..960]: 198.138 ms
[worker 1/5 rows 240..480]: 201.211 ms
[worker 2/5 rows 480..720]: 298.952 ms
[mandelbrot thread]:		[270.648] ms
Wrote image file mandelbrot-thread.ppm
				(2.25x speedup from 5 threads)

------- threads = 6 -------
--- invocation 1 ---
[mandelbrot serial]:		[603.291] ms
Wrote image file mandelbrot-serial.ppm
[worker 5/6 rows 1000..1200]: 19.714 ms
[worker 0/6 rows 0..200]: 23.096 ms
[worker 4/6 rows 800..1000]: 119.543 ms
[worker 1/6 rows 200..400]: 120.473 ms
[worker 3/6 rows 600..800]: 212.668 ms
[worker 2/6 rows 400..600]: 213.467 ms
[worker 0/6 rows 0..200]: 26.841 ms
[worker 5/6 rows 1000..1200]: 39.273 ms
[worker 1/6 rows 200..400]: 158.111 ms
[worker 4/6 rows 800..1000]: 159.517 ms
[worker 2/6 rows 400..600]: 278.438 ms
[worker 3/6 rows 600..800]: 285.077 ms
[worker 5/6 rows 1000..1200]: 22.796 ms
[worker 0/6 rows 0..200]: 24.777 ms
[worker 1/6 rows 200..400]: 144.015 ms
[worker 4/6 rows 800..1000]: 145.784 ms
[worker 2/6 rows 400..600]: 246.565 ms
[worker 3/6 rows 600..800]: 257.114 ms
[worker 0/6 rows 0..200]: 21.928 ms
[worker 5/6 rows 1000..1200]: 23.110 ms
[worker 1/6 rows 200..400]: 136.046 ms
[worker 4/6 rows 800..1000]: 144.683 ms
[worker 2/6 rows 400..600]: 237.962 ms
[worker 3/6 rows 600..800]: 250.883 ms
[worker 5/6 rows 1000..1200]: 23.648 ms
[worker 0/6 rows 0..200]: 27.893 ms
[worker 1/6 rows 200..400]: 136.877 ms
[worker 4/6 rows 800..1000]: 148.871 ms
[worker 2/6 rows 400..600]: 238.219 ms
[worker 3/6 rows 600..800]: 243.527 ms
[mandelbrot thread]:		[213.900] ms
Wrote image file mandelbrot-thread.ppm
				(2.82x speedup from 6 threads)
--- invocation 2 ---
[mandelbrot serial]:		[603.135] ms
Wrote image file mandelbrot-serial.ppm
[worker 5/6 rows 1000..1200]: 22.226 ms
[worker 0/6 rows 0..200]: 25.527 ms
[worker 1/6 rows 200..400]: 124.117 ms
[worker 4/6 rows 800..1000]: 133.387 ms
[worker 3/6 rows 600..800]: 243.190 ms
[worker 2/6 rows 400..600]: 245.123 ms
[worker 0/6 rows 0..200]: 21.982 ms
[worker 5/6 rows 1000..1200]: 22.561 ms
[worker 1/6 rows 200..400]: 128.997 ms
[worker 4/6 rows 800..1000]: 141.582 ms
[worker 3/6 rows 600..800]: 223.309 ms
[worker 2/6 rows 400..600]: 224.494 ms
[worker 0/6 rows 0..200]: 20.974 ms
[worker 5/6 rows 1000..1200]: 23.667 ms
[worker 4/6 rows 800..1000]: 125.138 ms
[worker 1/6 rows 200..400]: 135.304 ms
[worker 3/6 rows 600..800]: 228.117 ms
[worker 2/6 rows 400..600]: 232.126 ms
[worker 0/6 rows 0..200]: 21.872 ms
[worker 5/6 rows 1000..1200]: 22.286 ms
[worker 1/6 rows 200..400]: 130.466 ms
[worker 4/6 rows 800..1000]: 142.735 ms
[worker 2/6 rows 400..600]: 242.632 ms
[worker 3/6 rows 600..800]: 244.267 ms
[worker 5/6 rows 1000..1200]: 25.784 ms
[worker 0/6 rows 0..200]: 27.178 ms
[worker 1/6 rows 200..400]: 152.934 ms
[worker 4/6 rows 800..1000]: 158.318 ms
[worker 3/6 rows 600..800]: 265.018 ms
[worker 2/6 rows 400..600]: 272.716 ms
[mandelbrot thread]:		[225.087] ms
Wrote image file mandelbrot-thread.ppm
				(2.68x speedup from 6 threads)
--- invocation 3 ---
[mandelbrot serial]:		[590.706] ms
Wrote image file mandelbrot-serial.ppm
[worker 0/6 rows 0..200]: 20.571 ms
[worker 5/6 rows 1000..1200]: 21.498 ms
[worker 1/6 rows 200..400]: 126.110 ms
[worker 4/6 rows 800..1000]: 129.083 ms
[worker 2/6 rows 400..600]: 224.325 ms
[worker 3/6 rows 600..800]: 232.027 ms
[worker 5/6 rows 1000..1200]: 21.870 ms
[worker 0/6 rows 0..200]: 23.089 ms
[worker 4/6 rows 800..1000]: 125.416 ms
[worker 1/6 rows 200..400]: 127.993 ms
[worker 2/6 rows 400..600]: 227.363 ms
[worker 3/6 rows 600..800]: 229.351 ms
[worker 5/6 rows 1000..1200]: 23.320 ms
[worker 0/6 rows 0..200]: 24.762 ms
[worker 1/6 rows 200..400]: 140.060 ms
[worker 4/6 rows 800..1000]: 143.900 ms
[worker 2/6 rows 400..600]: 228.186 ms
[worker 3/6 rows 600..800]: 238.225 ms
[worker 0/6 rows 0..200]: 23.281 ms
[worker 5/6 rows 1000..1200]: 25.824 ms
[worker 1/6 rows 200..400]: 131.390 ms
[worker 4/6 rows 800..1000]: 131.413 ms
[worker 3/6 rows 600..800]: 228.039 ms
[worker 2/6 rows 400..600]: 235.892 ms
[worker 5/6 rows 1000..1200]: 21.883 ms
[worker 0/6 rows 0..200]: 22.382 ms
[worker 1/6 rows 200..400]: 126.351 ms
[worker 4/6 rows 800..1000]: 127.416 ms
[worker 3/6 rows 600..800]: 223.303 ms
[worker 2/6 rows 400..600]: 228.839 ms
[mandelbrot thread]:		[229.343] ms
Wrote image file mandelbrot-thread.ppm
				(2.58x speedup from 6 threads)
--- invocation 4 ---
[mandelbrot serial]:		[599.337] ms
Wrote image file mandelbrot-serial.ppm
[worker 0/6 rows 0..200]: 20.311 ms
[worker 5/6 rows 1000..1200]: 21.589 ms
[worker 1/6 rows 200..400]: 125.617 ms
[worker 4/6 rows 800..1000]: 128.314 ms
[worker 3/6 rows 600..800]: 216.483 ms
[worker 2/6 rows 400..600]: 227.713 ms
[worker 5/6 rows 1000..1200]: 18.569 ms
[worker 0/6 rows 0..200]: 21.179 ms
[worker 1/6 rows 200..400]: 124.740 ms
[worker 4/6 rows 800..1000]: 125.698 ms
[worker 3/6 rows 600..800]: 219.967 ms
[worker 2/6 rows 400..600]: 220.887 ms
[worker 0/6 rows 0..200]: 20.456 ms
[worker 5/6 rows 1000..1200]: 20.945 ms
[worker 1/6 rows 200..400]: 130.065 ms
[worker 4/6 rows 800..1000]: 130.510 ms
[worker 3/6 rows 600..800]: 217.979 ms
[worker 2/6 rows 400..600]: 221.781 ms
[worker 5/6 rows 1000..1200]: 19.303 ms
[worker 0/6 rows 0..200]: 20.565 ms
[worker 1/6 rows 200..400]: 119.094 ms
[worker 4/6 rows 800..1000]: 125.312 ms
[worker 3/6 rows 600..800]: 224.957 ms
[worker 2/6 rows 400..600]: 233.714 ms
[worker 0/6 rows 0..200]: 21.127 ms
[worker 5/6 rows 1000..1200]: 21.540 ms
[worker 1/6 rows 200..400]: 131.486 ms
[worker 4/6 rows 800..1000]: 138.300 ms
[worker 3/6 rows 600..800]: 240.736 ms
[worker 2/6 rows 400..600]: 245.995 ms
[mandelbrot thread]:		[221.405] ms
Wrote image file mandelbrot-thread.ppm
				(2.71x speedup from 6 threads)
--- invocation 5 ---
[mandelbrot serial]:		[596.764] ms
Wrote image file mandelbrot-serial.ppm
[worker 5/6 rows 1000..1200]: 18.642 ms
[worker 0/6 rows 0..200]: 19.302 ms
[worker 4/6 rows 800..1000]: 118.173 ms
[worker 1/6 rows 200..400]: 125.701 ms
[worker 2/6 rows 400..600]: 208.077 ms
[worker 3/6 rows 600..800]: 208.195 ms
[worker 0/6 rows 0..200]: 20.218 ms
[worker 5/6 rows 1000..1200]: 21.001 ms
[worker 1/6 rows 200..400]: 120.942 ms
[worker 4/6 rows 800..1000]: 128.630 ms
[worker 2/6 rows 400..600]: 220.764 ms
[worker 3/6 rows 600..800]: 221.890 ms
[worker 0/6 rows 0..200]: 21.511 ms
[worker 5/6 rows 1000..1200]: 24.006 ms
[worker 1/6 rows 200..400]: 130.728 ms
[worker 4/6 rows 800..1000]: 139.468 ms
[worker 3/6 rows 600..800]: 223.654 ms
[worker 2/6 rows 400..600]: 224.023 ms
[worker 5/6 rows 1000..1200]: 21.867 ms
[worker 0/6 rows 0..200]: 25.289 ms
[worker 4/6 rows 800..1000]: 135.107 ms
[worker 1/6 rows 200..400]: 135.515 ms
[worker 2/6 rows 400..600]: 227.575 ms
[worker 3/6 rows 600..800]: 241.136 ms
[worker 0/6 rows 0..200]: 27.172 ms
[worker 5/6 rows 1000..1200]: 37.453 ms
[worker 1/6 rows 200..400]: 137.846 ms
[worker 4/6 rows 800..1000]: 142.728 ms
[worker 2/6 rows 400..600]: 236.105 ms
[worker 3/6 rows 600..800]: 251.668 ms
[mandelbrot thread]:		[208.619] ms
Wrote image file mandelbrot-thread.ppm
				(2.86x speedup from 6 threads)

------- threads = 7 -------
--- invocation 1 ---
[mandelbrot serial]:		[605.468] ms
Wrote image file mandelbrot-serial.ppm
[worker 0/7 rows 0..171]: 15.099 ms
[worker 6/7 rows 1026..1200]: 21.627 ms
[worker 1/7 rows 171..342]: 84.308 ms
[worker 5/7 rows 855..1026]: 89.898 ms
[worker 4/7 rows 684..855]: 158.699 ms
[worker 2/7 rows 342..513]: 163.742 ms
[worker 3/7 rows 513..684]: 209.490 ms
[worker 0/7 rows 0..171]: 19.458 ms
[worker 6/7 rows 1026..1200]: 22.061 ms
[worker 1/7 rows 171..342]: 89.783 ms
[worker 5/7 rows 855..1026]: 97.432 ms
[worker 2/7 rows 342..513]: 166.659 ms
[worker 4/7 rows 684..855]: 169.254 ms
[worker 3/7 rows 513..684]: 217.848 ms
[worker 0/7 rows 0..171]: 16.532 ms
[worker 6/7 rows 1026..1200]: 20.287 ms
[worker 1/7 rows 171..342]: 87.369 ms
[worker 5/7 rows 855..1026]: 96.089 ms
[worker 2/7 rows 342..513]: 161.837 ms
[worker 4/7 rows 684..855]: 167.448 ms
[worker 3/7 rows 513..684]: 217.307 ms
[worker 6/7 rows 1026..1200]: 18.238 ms
[worker 0/7 rows 0..171]: 19.730 ms
[worker 5/7 rows 855..1026]: 104.535 ms
[worker 1/7 rows 171..342]: 106.994 ms
[worker 2/7 rows 342..513]: 179.811 ms
[worker 4/7 rows 684..855]: 189.666 ms
[worker 3/7 rows 513..684]: 231.717 ms
[worker 0/7 rows 0..171]: 17.904 ms
[worker 6/7 rows 1026..1200]: 25.392 ms
[worker 1/7 rows 171..342]: 106.020 ms
[worker 5/7 rows 855..1026]: 109.175 ms
[worker 2/7 rows 342..513]: 177.961 ms
[worker 4/7 rows 684..855]: 185.680 ms
[worker 3/7 rows 513..684]: 230.826 ms
[mandelbrot thread]:		[210.343] ms
Wrote image file mandelbrot-thread.ppm
				(2.88x speedup from 7 threads)
--- invocation 2 ---
[mandelbrot serial]:		[641.734] ms
Wrote image file mandelbrot-serial.ppm
[worker 6/7 rows 1026..1200]: 17.218 ms
[worker 0/7 rows 0..171]: 20.509 ms
[worker 5/7 rows 855..1026]: 83.659 ms
[worker 1/7 rows 171..342]: 90.007 ms
[worker 2/7 rows 342..513]: 171.463 ms
[worker 4/7 rows 684..855]: 172.182 ms
[worker 3/7 rows 513..684]: 217.483 ms
[worker 0/7 rows 0..171]: 16.887 ms
[worker 6/7 rows 1026..1200]: 18.653 ms
[worker 1/7 rows 171..342]: 93.450 ms
[worker 5/7 rows 855..1026]: 96.632 ms
[worker 4/7 rows 684..855]: 170.642 ms
[worker 2/7 rows 342..513]: 176.646 ms
[worker 3/7 rows 513..684]: 232.912 ms
[worker 6/7 rows 1026..1200]: 21.106 ms
[worker 0/7 rows 0..171]: 22.930 ms
[worker 1/7 rows 171..342]: 89.034 ms
[worker 5/7 rows 855..1026]: 104.302 ms
[worker 4/7 rows 684..855]: 178.208 ms
[worker 2/7 rows 342..513]: 182.030 ms
[worker 3/7 rows 513..684]: 236.099 ms
[worker 0/7 rows 0..171]: 21.966 ms
[worker 6/7 rows 1026..1200]: 25.134 ms
[worker 5/7 rows 855..1026]: 180.450 ms
[worker 1/7 rows 171..342]: 184.815 ms
[worker 4/7 rows 684..855]: 268.623 ms
[worker 2/7 rows 342..513]: 269.663 ms
[worker 3/7 rows 513..684]: 322.196 ms
[worker 0/7 rows 0..171]: 17.510 ms
[worker 6/7 rows 1026..1200]: 18.578 ms
[worker 1/7 rows 171..342]: 93.351 ms
[worker 5/7 rows 855..1026]: 99.773 ms
[worker 2/7 rows 342..513]: 175.555 ms
[worker 4/7 rows 684..855]: 188.025 ms
[worker 3/7 rows 513..684]: 234.453 ms
[mandelbrot thread]:		[218.053] ms
Wrote image file mandelbrot-thread.ppm
				(2.94x speedup from 7 threads)
--- invocation 3 ---
[mandelbrot serial]:		[654.259] ms
Wrote image file mandelbrot-serial.ppm
[worker 0/7 rows 0..171]: 14.942 ms
[worker 6/7 rows 1026..1200]: 16.426 ms
[worker 1/7 rows 171..342]: 81.460 ms
[worker 5/7 rows 855..1026]: 82.801 ms
[worker 2/7 rows 342..513]: 153.309 ms
[worker 4/7 rows 684..855]: 154.267 ms
[worker 3/7 rows 513..684]: 200.380 ms
[worker 0/7 rows 0..171]: 18.967 ms
[worker 6/7 rows 1026..1200]: 24.318 ms
[worker 1/7 rows 171..342]: 87.298 ms
[worker 5/7 rows 855..1026]: 86.890 ms
[worker 4/7 rows 684..855]: 167.312 ms
[worker 2/7 rows 342..513]: 171.959 ms
[worker 3/7 rows 513..684]: 218.065 ms
[worker 6/7 rows 1026..1200]: 23.567 ms
[worker 0/7 rows 0..171]: 24.311 ms
[worker 1/7 rows 171..342]: 93.679 ms
[worker 5/7 rows 855..1026]: 99.104 ms
[worker 4/7 rows 684..855]: 180.153 ms
[worker 2/7 rows 342..513]: 182.700 ms
[worker 3/7 rows 513..684]: 240.954 ms
[worker 0/7 rows 0..171]: 19.262 ms
[worker 6/7 rows 1026..1200]: 21.112 ms
[worker 1/7 rows 171..342]: 89.369 ms
[worker 5/7 rows 855..1026]: 90.026 ms
[worker 2/7 rows 342..513]: 174.117 ms
[worker 4/7 rows 684..855]: 178.055 ms
[worker 3/7 rows 513..684]: 227.343 ms
[worker 0/7 rows 0..171]: 17.583 ms
[worker 6/7 rows 1026..1200]: 18.009 ms
[worker 1/7 rows 171..342]: 87.216 ms
[worker 5/7 rows 855..1026]: 90.912 ms
[worker 4/7 rows 684..855]: 160.439 ms
[worker 2/7 rows 342..513]: 165.618 ms
[worker 3/7 rows 513..684]: 212.200 ms
[mandelbrot thread]:		[200.962] ms
Wrote image file mandelbrot-thread.ppm
				(3.26x speedup from 7 threads)
--- invocation 4 ---
[mandelbrot serial]:		[628.759] ms
Wrote image file mandelbrot-serial.ppm
[worker 0/7 rows 0..171]: 18.525 ms
[worker 6/7 rows 1026..1200]: 22.286 ms
[worker 1/7 rows 171..342]: 100.892 ms
[worker 5/7 rows 855..1026]: 100.719 ms
[worker 4/7 rows 684..855]: 178.373 ms
[worker 2/7 rows 342..513]: 182.492 ms
[worker 3/7 rows 513..684]: 237.210 ms
[worker 0/7 rows 0..171]: 19.445 ms
[worker 6/7 rows 1026..1200]: 39.083 ms
[worker 5/7 rows 855..1026]: 147.901 ms
[worker 1/7 rows 171..342]: 156.525 ms
[worker 4/7 rows 684..855]: 229.191 ms
[worker 2/7 rows 342..513]: 247.942 ms
[worker 3/7 rows 513..684]: 276.441 ms
[worker 6/7 rows 1026..1200]: 21.396 ms
[worker 0/7 rows 0..171]: 23.116 ms
[worker 1/7 rows 171..342]: 113.592 ms
[worker 5/7 rows 855..1026]: 118.939 ms
[worker 2/7 rows 342..513]: 219.102 ms
[worker 4/7 rows 684..855]: 221.098 ms
[worker 3/7 rows 513..684]: 276.848 ms
[worker 0/7 rows 0..171]: 20.486 ms
[worker 6/7 rows 1026..1200]: 23.692 ms
[worker 1/7 rows 171..342]: 101.184 ms
[worker 5/7 rows 855..1026]: 104.848 ms
[worker 2/7 rows 342..513]: 182.356 ms
[worker 4/7 rows 684..855]: 184.162 ms
[worker 3/7 rows 513..684]: 239.195 ms
[worker 0/7 rows 0..171]: 20.877 ms
[worker 6/7 rows 1026..1200]: 22.015 ms
[worker 5/7 rows 855..1026]: 96.212 ms
[worker 1/7 rows 171..342]: 115.473 ms
[worker 2/7 rows 342..513]: 179.276 ms
[worker 4/7 rows 684..855]: 191.435 ms
[worker 3/7 rows 513..684]: 235.854 ms
[mandelbrot thread]:		[236.378] ms
Wrote image file mandelbrot-thread.ppm
				(2.66x speedup from 7 threads)
--- invocation 5 ---
[mandelbrot serial]:		[621.590] ms
Wrote image file mandelbrot-serial.ppm
[worker 6/7 rows 1026..1200]: 15.697 ms
[worker 0/7 rows 0..171]: 17.248 ms
[worker 5/7 rows 855..1026]: 87.227 ms
[worker 1/7 rows 171..342]: 93.000 ms
[worker 4/7 rows 684..855]: 159.600 ms
[worker 2/7 rows 342..513]: 162.714 ms
[worker 3/7 rows 513..684]: 208.569 ms
[worker 0/7 rows 0..171]: 21.174 ms
[worker 6/7 rows 1026..1200]: 22.358 ms
[worker 1/7 rows 171..342]: 109.842 ms
[worker 5/7 rows 855..1026]: 111.922 ms
[worker 4/7 rows 684..855]: 194.503 ms
[worker 2/7 rows 342..513]: 204.793 ms
[worker 3/7 rows 513..684]: 239.625 ms
[worker 0/7 rows 0..171]: 21.951 ms
[worker 6/7 rows 1026..1200]: 22.914 ms
[worker 5/7 rows 855..1026]: 91.092 ms
[worker 1/7 rows 171..342]: 92.981 ms
[worker 2/7 rows 342..513]: 175.462 ms
[worker 4/7 rows 684..855]: 175.903 ms
[worker 3/7 rows 513..684]: 220.927 ms
[worker 0/7 rows 0..171]: 15.974 ms
[worker 6/7 rows 1026..1200]: 17.010 ms
[worker 1/7 rows 171..342]: 84.480 ms
[worker 5/7 rows 855..1026]: 98.410 ms
[worker 2/7 rows 342..513]: 169.727 ms
[worker 4/7 rows 684..855]: 172.604 ms
[worker 3/7 rows 513..684]: 219.271 ms
[worker 6/7 rows 1026..1200]: 19.901 ms
[worker 0/7 rows 0..171]: 20.503 ms
[worker 5/7 rows 855..1026]: 95.583 ms
[worker 1/7 rows 171..342]: 101.324 ms
[worker 2/7 rows 342..513]: 162.606 ms
[worker 4/7 rows 684..855]: 183.201 ms
[worker 3/7 rows 513..684]: 238.022 ms
[mandelbrot thread]:		[209.516] ms
Wrote image file mandelbrot-thread.ppm
				(2.97x speedup from 7 threads)

------- threads = 8 -------
--- invocation 1 ---
[mandelbrot serial]:		[627.166] ms
Wrote image file mandelbrot-serial.ppm
[worker 0/8 rows 0..150]: 11.294 ms
[worker 7/8 rows 1050..1200]: 18.711 ms
[worker 1/8 rows 150..300]: 66.801 ms
[worker 6/8 rows 900..1050]: 68.099 ms
[worker 5/8 rows 750..900]: 124.606 ms
[worker 2/8 rows 300..450]: 131.342 ms
[worker 3/8 rows 450..600]: 195.723 ms
[worker 4/8 rows 600..750]: 196.917 ms
[worker 0/8 rows 0..150]: 26.185 ms
[worker 7/8 rows 1050..1200]: 32.554 ms
[worker 1/8 rows 150..300]: 70.700 ms
[worker 6/8 rows 900..1050]: 83.154 ms
[worker 2/8 rows 300..450]: 125.851 ms
[worker 5/8 rows 750..900]: 146.029 ms
[worker 4/8 rows 600..750]: 197.762 ms
[worker 3/8 rows 450..600]: 204.676 ms
[worker 0/8 rows 0..150]: 26.011 ms
[worker 7/8 rows 1050..1200]: 26.915 ms
[worker 1/8 rows 150..300]: 81.512 ms
[worker 6/8 rows 900..1050]: 84.962 ms
[worker 2/8 rows 300..450]: 139.787 ms
[worker 5/8 rows 750..900]: 152.008 ms
[worker 3/8 rows 450..600]: 242.691 ms
[worker 4/8 rows 600..750]: 257.090 ms
[worker 0/8 rows 0..150]: 36.771 ms
[worker 7/8 rows 1050..1200]: 32.840 ms
[worker 1/8 rows 150..300]: 67.388 ms
[worker 6/8 rows 900..1050]: 83.193 ms
[worker 2/8 rows 300..450]: 138.802 ms
[worker 5/8 rows 750..900]: 144.161 ms
[worker 4/8 rows 600..750]: 189.940 ms
[worker 3/8 rows 450..600]: 194.455 ms
[worker 7/8 rows 1050..1200]: 25.818 ms
[worker 0/8 rows 0..150]: 28.763 ms
[worker 6/8 rows 900..1050]: 66.476 ms
[worker 1/8 rows 150..300]: 75.738 ms
[worker 2/8 rows 300..450]: 134.386 ms
[worker 5/8 rows 750..900]: 142.201 ms
[worker 4/8 rows 600..750]: 196.839 ms
[worker 3/8 rows 450..600]: 203.813 ms
[mandelbrot thread]:		[195.073] ms
Wrote image file mandelbrot-thread.ppm
				(3.22x speedup from 8 threads)
--- invocation 2 ---
[mandelbrot serial]:		[609.018] ms
Wrote image file mandelbrot-serial.ppm
[worker 0/8 rows 0..150]: 13.325 ms
[worker 7/8 rows 1050..1200]: 16.295 ms
[worker 6/8 rows 900..1050]: 63.864 ms
[worker 1/8 rows 150..300]: 73.443 ms
[worker 5/8 rows 750..900]: 149.875 ms
[worker 2/8 rows 300..450]: 152.134 ms
[worker 4/8 rows 600..750]: 210.251 ms
[worker 3/8 rows 450..600]: 217.755 ms
[worker 0/8 rows 0..150]: 26.133 ms
[worker 7/8 rows 1050..1200]: 30.885 ms
[worker 1/8 rows 150..300]: 94.126 ms
[worker 6/8 rows 900..1050]: 97.056 ms
[worker 2/8 rows 300..450]: 150.580 ms
[worker 5/8 rows 750..900]: 171.958 ms
[worker 3/8 rows 450..600]: 218.643 ms
[worker 4/8 rows 600..750]: 230.741 ms
[worker 0/8 rows 0..150]: 27.775 ms
[worker 7/8 rows 1050..1200]: 26.236 ms
[worker 1/8 rows 150..300]: 74.631 ms
[worker 6/8 rows 900..1050]: 86.157 ms
[worker 2/8 rows 300..450]: 154.260 ms
[worker 5/8 rows 750..900]: 157.263 ms
[worker 4/8 rows 600..750]: 211.765 ms
[worker 3/8 rows 450..600]: 213.578 ms
[worker 0/8 rows 0..150]: 26.845 ms
[worker 7/8 rows 1050..1200]: 31.439 ms
[worker 6/8 rows 900..1050]: 73.192 ms
[worker 1/8 rows 150..300]: 76.102 ms
[worker 2/8 rows 300..450]: 149.803 ms
[worker 5/8 rows 750..900]: 157.883 ms
[worker 3/8 rows 450..600]: 207.438 ms
[worker 4/8 rows 600..750]: 232.156 ms
[worker 7/8 rows 1050..1200]: 32.818 ms
[worker 0/8 rows 0..150]: 43.068 ms
[worker 6/8 rows 900..1050]: 84.196 ms
[worker 1/8 rows 150..300]: 115.775 ms
[worker 2/8 rows 300..450]: 158.204 ms
[worker 5/8 rows 750..900]: 201.891 ms
[worker 3/8 rows 450..600]: 283.713 ms
[worker 4/8 rows 600..750]: 322.470 ms
[mandelbrot thread]:		[214.194] ms
Wrote image file mandelbrot-thread.ppm
				(2.84x speedup from 8 threads)
--- invocation 3 ---
[mandelbrot serial]:		[824.703] ms
Wrote image file mandelbrot-serial.ppm
[worker 7/8 rows 1050..1200]: 21.342 ms
[worker 0/8 rows 0..150]: 30.749 ms
[worker 6/8 rows 900..1050]: 81.077 ms
[worker 1/8 rows 150..300]: 89.207 ms
[worker 5/8 rows 750..900]: 179.001 ms
[worker 2/8 rows 300..450]: 184.520 ms
[worker 3/8 rows 450..600]: 244.882 ms
[worker 4/8 rows 600..750]: 253.304 ms
[worker 0/8 rows 0..150]: 41.740 ms
[worker 7/8 rows 1050..1200]: 36.406 ms
[worker 6/8 rows 900..1050]: 97.191 ms
[worker 1/8 rows 150..300]: 101.369 ms
[worker 2/8 rows 300..450]: 182.251 ms
[worker 5/8 rows 750..900]: 181.685 ms
[worker 3/8 rows 450..600]: 250.983 ms
[worker 4/8 rows 600..750]: 254.152 ms
[worker 7/8 rows 1050..1200]: 32.229 ms
[worker 0/8 rows 0..150]: 42.835 ms
[worker 1/8 rows 150..300]: 72.832 ms
[worker 6/8 rows 900..1050]: 98.183 ms
[worker 5/8 rows 750..900]: 175.755 ms
[worker 2/8 rows 300..450]: 177.103 ms
[worker 3/8 rows 450..600]: 232.689 ms
[worker 4/8 rows 600..750]: 249.714 ms
[worker 0/8 rows 0..150]: 38.453 ms
[worker 7/8 rows 1050..1200]: 36.190 ms
[worker 6/8 rows 900..1050]: 90.115 ms
[worker 1/8 rows 150..300]: 97.103 ms
[worker 5/8 rows 750..900]: 163.326 ms
[worker 2/8 rows 300..450]: 179.429 ms
[worker 3/8 rows 450..600]: 235.597 ms
[worker 4/8 rows 600..750]: 244.317 ms
[worker 7/8 rows 1050..1200]: 16.677 ms
[worker 0/8 rows 0..150]: 21.950 ms
[worker 1/8 rows 150..300]: 92.267 ms
[worker 6/8 rows 900..1050]: 98.635 ms
[worker 5/8 rows 750..900]: 164.621 ms
[worker 2/8 rows 300..450]: 181.018 ms
[worker 3/8 rows 450..600]: 232.980 ms
[worker 4/8 rows 600..750]: 246.993 ms
[mandelbrot thread]:		[245.190] ms
Wrote image file mandelbrot-thread.ppm
				(3.36x speedup from 8 threads)
--- invocation 4 ---
[mandelbrot serial]:		[656.541] ms
Wrote image file mandelbrot-serial.ppm
[worker 7/8 rows 1050..1200]: 11.331 ms
[worker 0/8 rows 0..150]: 11.968 ms
[worker 6/8 rows 900..1050]: 56.821 ms
[worker 1/8 rows 150..300]: 59.405 ms
[worker 5/8 rows 750..900]: 112.814 ms
[worker 2/8 rows 300..450]: 116.362 ms
[worker 3/8 rows 450..600]: 167.905 ms
[worker 4/8 rows 600..750]: 185.887 ms
[worker 0/8 rows 0..150]: 26.973 ms
[worker 7/8 rows 1050..1200]: 23.357 ms
[worker 1/8 rows 150..300]: 64.510 ms
[worker 6/8 rows 900..1050]: 66.635 ms
[worker 2/8 rows 300..450]: 129.327 ms
[worker 5/8 rows 750..900]: 140.652 ms
[worker 3/8 rows 450..600]: 197.471 ms
[worker 4/8 rows 600..750]: 209.067 ms
[worker 7/8 rows 1050..1200]: 37.898 ms
[worker 0/8 rows 0..150]: 40.230 ms
[worker 1/8 rows 150..300]: 69.591 ms
[worker 6/8 rows 900..1050]: 75.055 ms
[worker 5/8 rows 750..900]: 141.941 ms
[worker 2/8 rows 300..450]: 144.847 ms
[worker 3/8 rows 450..600]: 192.090 ms
[worker 4/8 rows 600..750]: 200.215 ms
[worker 0/8 rows 0..150]: 27.226 ms
[worker 7/8 rows 1050..1200]: 35.016 ms
[worker 1/8 rows 150..300]: 68.790 ms
[worker 6/8 rows 900..1050]: 74.977 ms
[worker 2/8 rows 300..450]: 139.081 ms
[worker 5/8 rows 750..900]: 155.747 ms
[worker 3/8 rows 450..600]: 199.823 ms
[worker 4/8 rows 600..750]: 213.745 ms
[worker 7/8 rows 1050..1200]: 25.683 ms
[worker 0/8 rows 0..150]: 28.013 ms
[worker 1/8 rows 150..300]: 79.271 ms
[worker 6/8 rows 900..1050]: 79.397 ms
[worker 2/8 rows 300..450]: 135.447 ms
[worker 5/8 rows 750..900]: 136.838 ms
[worker 4/8 rows 600..750]: 203.732 ms
[worker 3/8 rows 450..600]: 207.901 ms
[mandelbrot thread]:		[186.606] ms
Wrote image file mandelbrot-thread.ppm
				(3.52x speedup from 8 threads)
--- invocation 5 ---
[mandelbrot serial]:		[617.237] ms
Wrote image file mandelbrot-serial.ppm
[worker 0/8 rows 0..150]: 12.201 ms
[worker 7/8 rows 1050..1200]: 17.644 ms
[worker 6/8 rows 900..1050]: 81.431 ms
[worker 1/8 rows 150..300]: 89.166 ms
[worker 2/8 rows 300..450]: 158.582 ms
[worker 5/8 rows 750..900]: 177.101 ms
[worker 3/8 rows 450..600]: 212.503 ms
[worker 4/8 rows 600..750]: 220.575 ms
[worker 0/8 rows 0..150]: 25.797 ms
[worker 7/8 rows 1050..1200]: 24.139 ms
[worker 6/8 rows 900..1050]: 63.726 ms
[worker 1/8 rows 150..300]: 68.381 ms
[worker 2/8 rows 300..450]: 133.180 ms
[worker 5/8 rows 750..900]: 135.675 ms
[worker 3/8 rows 450..600]: 195.389 ms
[worker 4/8 rows 600..750]: 201.410 ms
[worker 0/8 rows 0..150]: 25.446 ms
[worker 7/8 rows 1050..1200]: 21.772 ms
[worker 1/8 rows 150..300]: 65.041 ms
[worker 6/8 rows 900..1050]: 66.932 ms
[worker 2/8 rows 300..450]: 136.020 ms
[worker 5/8 rows 750..900]: 136.264 ms
[worker 4/8 rows 600..750]: 186.242 ms
[worker 3/8 rows 450..600]: 191.101 ms
[worker 0/8 rows 0..150]: 34.381 ms
[worker 7/8 rows 1050..1200]: 30.717 ms
[worker 1/8 rows 150..300]: 65.016 ms
[worker 6/8 rows 900..1050]: 72.224 ms
[worker 2/8 rows 300..450]: 142.605 ms
[worker 5/8 rows 750..900]: 143.099 ms
[worker 3/8 rows 450..600]: 208.247 ms
[worker 4/8 rows 600..750]: 212.590 ms
[worker 0/8 rows 0..150]: 25.736 ms
[worker 7/8 rows 1050..1200]: 26.229 ms
[worker 1/8 rows 150..300]: 70.369 ms
[worker 6/8 rows 900..1050]: 84.860 ms
[worker 2/8 rows 300..450]: 160.699 ms
[worker 5/8 rows 750..900]: 160.438 ms
[worker 4/8 rows 600..750]: 212.300 ms
[worker 3/8 rows 450..600]: 213.921 ms
[mandelbrot thread]:		[191.678] ms
Wrote image file mandelbrot-thread.ppm
				(3.22x speedup from 8 threads)
