=== Program 4 Q1 baseline: cooldown 60s + 5 measured invocations ===
Input: starter pseudo-random values in [0.001, 2.999]
--- invocation 1 (cooldown 60s) ---
[sqrt serial]:		[764.116] ms
[sqrt ispc]:		[186.922] ms
[sqrt task ispc]:	[33.802] ms
				(4.09x speedup from ISPC)
				(22.61x speedup from task ISPC)
--- invocation 2 (cooldown 60s) ---
[sqrt serial]:		[819.760] ms
[sqrt ispc]:		[201.094] ms
[sqrt task ispc]:	[33.387] ms
				(4.08x speedup from ISPC)
				(24.55x speedup from task ISPC)
--- invocation 3 (cooldown 60s) ---
[sqrt serial]:		[780.658] ms
[sqrt ispc]:		[189.488] ms
[sqrt task ispc]:	[28.098] ms
				(4.12x speedup from ISPC)
				(27.78x speedup from task ISPC)
--- invocation 4 (cooldown 60s) ---
[sqrt serial]:		[803.748] ms
[sqrt ispc]:		[198.532] ms
[sqrt task ispc]:	[29.688] ms
				(4.05x speedup from ISPC)
				(27.07x speedup from task ISPC)
--- invocation 5 (cooldown 60s) ---
[sqrt serial]:		[786.918] ms
[sqrt ispc]:		[191.474] ms
[sqrt task ispc]:	[29.046] ms
				(4.11x speedup from ISPC)
				(27.09x speedup from task ISPC)
