=== Program 4 Q2 all-2.999 input: cooldown 60s + 5 measured invocations ===
Input: every value is 2.999f, the slowest checked in-range constant near the upper bound.
--- invocation 1 (cooldown 60s) ---
[sqrt serial]:		[2114.833] ms
[sqrt ispc]:		[347.185] ms
[sqrt task ispc]:	[56.039] ms
				(6.09x speedup from ISPC)
				(37.74x speedup from task ISPC)
--- invocation 2 (cooldown 60s) ---
[sqrt serial]:		[2011.986] ms
[sqrt ispc]:		[332.626] ms
[sqrt task ispc]:	[57.845] ms
				(6.05x speedup from ISPC)
				(34.78x speedup from task ISPC)
--- invocation 3 (cooldown 60s) ---
[sqrt serial]:		[1906.267] ms
[sqrt ispc]:		[313.156] ms
[sqrt task ispc]:	[50.600] ms
				(6.09x speedup from ISPC)
				(37.67x speedup from task ISPC)
--- invocation 4 (cooldown 60s) ---
[sqrt serial]:		[1910.007] ms
[sqrt ispc]:		[344.815] ms
[sqrt task ispc]:	[54.878] ms
				(5.54x speedup from ISPC)
				(34.80x speedup from task ISPC)
--- invocation 5 (cooldown 60s) ---
[sqrt serial]:		[1913.325] ms
[sqrt ispc]:		[317.714] ms
[sqrt task ispc]:	[52.074] ms
				(6.02x speedup from ISPC)
				(36.74x speedup from task ISPC)
