=== Warmup: 5 runs at -t 8 -v 1 ===

=== Measurements: 5 runs per thread count, view 1 (cyclic) ===

------- threads = 2 (10s cooldown + 1 warmup) -------
--- invocation 1 ---
[mandelbrot serial]:		[590.784] ms
Wrote image file mandelbrot-serial.ppm
[worker 0/2 cyclic stride=2]: 333.501 ms
[worker 1/2 cyclic stride=2]: 334.548 ms
[worker 0/2 cyclic stride=2]: 314.371 ms
[worker 1/2 cyclic stride=2]: 316.420 ms
[worker 1/2 cyclic stride=2]: 315.938 ms
[worker 0/2 cyclic stride=2]: 319.730 ms
[worker 1/2 cyclic stride=2]: 330.613 ms
[worker 0/2 cyclic stride=2]: 331.164 ms
[worker 0/2 cyclic stride=2]: 324.716 ms
[worker 1/2 cyclic stride=2]: 326.700 ms
[mandelbrot thread]:		[316.736] ms
Wrote image file mandelbrot-thread.ppm
				(1.87x speedup from 2 threads)
--- invocation 2 ---
[mandelbrot serial]:		[600.421] ms
Wrote image file mandelbrot-serial.ppm
[worker 1/2 cyclic stride=2]: 342.754 ms
[worker 0/2 cyclic stride=2]: 342.842 ms
[worker 0/2 cyclic stride=2]: 338.660 ms
[worker 1/2 cyclic stride=2]: 338.679 ms
[worker 1/2 cyclic stride=2]: 348.205 ms
[worker 0/2 cyclic stride=2]: 350.750 ms
[worker 0/2 cyclic stride=2]: 346.166 ms
[worker 1/2 cyclic stride=2]: 346.167 ms
[worker 1/2 cyclic stride=2]: 345.234 ms
[worker 0/2 cyclic stride=2]: 346.152 ms
[mandelbrot thread]:		[339.012] ms
Wrote image file mandelbrot-thread.ppm
				(1.77x speedup from 2 threads)
--- invocation 3 ---
[mandelbrot serial]:		[634.978] ms
Wrote image file mandelbrot-serial.ppm
[worker 0/2 cyclic stride=2]: 342.750 ms
[worker 1/2 cyclic stride=2]: 344.253 ms
[worker 1/2 cyclic stride=2]: 334.603 ms
[worker 0/2 cyclic stride=2]: 335.290 ms
[worker 0/2 cyclic stride=2]: 366.193 ms
[worker 1/2 cyclic stride=2]: 369.817 ms
[worker 0/2 cyclic stride=2]: 344.826 ms
[worker 1/2 cyclic stride=2]: 346.439 ms
[worker 1/2 cyclic stride=2]: 354.895 ms
[worker 0/2 cyclic stride=2]: 355.239 ms
[mandelbrot thread]:		[335.505] ms
Wrote image file mandelbrot-thread.ppm
				(1.89x speedup from 2 threads)
--- invocation 4 ---
[mandelbrot serial]:		[585.592] ms
Wrote image file mandelbrot-serial.ppm
[worker 1/2 cyclic stride=2]: 323.916 ms
[worker 0/2 cyclic stride=2]: 325.448 ms
[worker 0/2 cyclic stride=2]: 334.407 ms
[worker 1/2 cyclic stride=2]: 335.177 ms
[worker 1/2 cyclic stride=2]: 330.677 ms
[worker 0/2 cyclic stride=2]: 331.440 ms
[worker 0/2 cyclic stride=2]: 323.293 ms
[worker 1/2 cyclic stride=2]: 325.062 ms
[worker 0/2 cyclic stride=2]: 329.418 ms
[worker 1/2 cyclic stride=2]: 329.517 ms
[mandelbrot thread]:		[325.468] ms
Wrote image file mandelbrot-thread.ppm
				(1.80x speedup from 2 threads)
--- invocation 5 ---
[mandelbrot serial]:		[584.402] ms
Wrote image file mandelbrot-serial.ppm
[worker 0/2 cyclic stride=2]: 318.413 ms
[worker 1/2 cyclic stride=2]: 318.580 ms
[worker 1/2 cyclic stride=2]: 319.486 ms
[worker 0/2 cyclic stride=2]: 321.343 ms
[worker 1/2 cyclic stride=2]: 319.519 ms
[worker 0/2 cyclic stride=2]: 321.753 ms
[worker 1/2 cyclic stride=2]: 332.257 ms
[worker 0/2 cyclic stride=2]: 334.018 ms
[worker 0/2 cyclic stride=2]: 317.874 ms
[worker 1/2 cyclic stride=2]: 320.914 ms
[mandelbrot thread]:		[318.992] ms
Wrote image file mandelbrot-thread.ppm
				(1.83x speedup from 2 threads)

------- threads = 3 (10s cooldown + 1 warmup) -------
--- invocation 1 ---
[mandelbrot serial]:		[639.275] ms
Wrote image file mandelbrot-serial.ppm
[worker 2/3 cyclic stride=3]: 235.678 ms
[worker 1/3 cyclic stride=3]: 239.314 ms
[worker 0/3 cyclic stride=3]: 240.262 ms
[worker 2/3 cyclic stride=3]: 241.843 ms
[worker 1/3 cyclic stride=3]: 245.995 ms
[worker 0/3 cyclic stride=3]: 249.357 ms
[worker 2/3 cyclic stride=3]: 238.661 ms
[worker 0/3 cyclic stride=3]: 238.969 ms
[worker 1/3 cyclic stride=3]: 239.039 ms
[worker 0/3 cyclic stride=3]: 228.622 ms
[worker 1/3 cyclic stride=3]: 230.105 ms
[worker 2/3 cyclic stride=3]: 231.446 ms
[worker 2/3 cyclic stride=3]: 226.119 ms
[worker 1/3 cyclic stride=3]: 227.610 ms
[worker 0/3 cyclic stride=3]: 229.510 ms
[mandelbrot thread]:		[229.724] ms
Wrote image file mandelbrot-thread.ppm
				(2.78x speedup from 3 threads)
--- invocation 2 ---
[mandelbrot serial]:		[590.346] ms
Wrote image file mandelbrot-serial.ppm
[worker 1/3 cyclic stride=3]: 245.614 ms
[worker 0/3 cyclic stride=3]: 253.829 ms
[worker 2/3 cyclic stride=3]: 254.802 ms
[worker 0/3 cyclic stride=3]: 246.117 ms
[worker 1/3 cyclic stride=3]: 247.031 ms
[worker 2/3 cyclic stride=3]: 247.763 ms
[worker 0/3 cyclic stride=3]: 248.620 ms
[worker 1/3 cyclic stride=3]: 250.252 ms
[worker 2/3 cyclic stride=3]: 251.232 ms
[worker 1/3 cyclic stride=3]: 246.662 ms
[worker 2/3 cyclic stride=3]: 249.860 ms
[worker 0/3 cyclic stride=3]: 250.390 ms
[worker 1/3 cyclic stride=3]: 239.304 ms
[worker 2/3 cyclic stride=3]: 241.681 ms
[worker 0/3 cyclic stride=3]: 242.318 ms
[mandelbrot thread]:		[242.559] ms
Wrote image file mandelbrot-thread.ppm
				(2.43x speedup from 3 threads)
--- invocation 3 ---
[mandelbrot serial]:		[588.940] ms
Wrote image file mandelbrot-serial.ppm
[worker 1/3 cyclic stride=3]: 211.773 ms
[worker 0/3 cyclic stride=3]: 217.902 ms
[worker 2/3 cyclic stride=3]: 219.120 ms
[worker 2/3 cyclic stride=3]: 239.587 ms
[worker 1/3 cyclic stride=3]: 243.863 ms
[worker 0/3 cyclic stride=3]: 254.164 ms
[worker 1/3 cyclic stride=3]: 253.963 ms
[worker 2/3 cyclic stride=3]: 255.838 ms
[worker 0/3 cyclic stride=3]: 256.444 ms
[worker 0/3 cyclic stride=3]: 243.604 ms
[worker 1/3 cyclic stride=3]: 244.826 ms
[worker 2/3 cyclic stride=3]: 245.247 ms
[worker 2/3 cyclic stride=3]: 232.324 ms
[worker 0/3 cyclic stride=3]: 234.157 ms
[worker 1/3 cyclic stride=3]: 234.408 ms
[mandelbrot thread]:		[219.707] ms
Wrote image file mandelbrot-thread.ppm
				(2.68x speedup from 3 threads)
--- invocation 4 ---
[mandelbrot serial]:		[589.511] ms
Wrote image file mandelbrot-serial.ppm
[worker 2/3 cyclic stride=3]: 219.426 ms
[worker 0/3 cyclic stride=3]: 219.829 ms
[worker 1/3 cyclic stride=3]: 221.327 ms
[worker 1/3 cyclic stride=3]: 230.999 ms
[worker 2/3 cyclic stride=3]: 234.095 ms
[worker 0/3 cyclic stride=3]: 235.306 ms
[worker 2/3 cyclic stride=3]: 240.965 ms
[worker 1/3 cyclic stride=3]: 241.392 ms
[worker 0/3 cyclic stride=3]: 241.517 ms
[worker 2/3 cyclic stride=3]: 234.530 ms
[worker 1/3 cyclic stride=3]: 237.263 ms
[worker 0/3 cyclic stride=3]: 244.008 ms
[worker 2/3 cyclic stride=3]: 234.895 ms
[worker 1/3 cyclic stride=3]: 235.505 ms
[worker 0/3 cyclic stride=3]: 237.413 ms
[mandelbrot thread]:		[221.730] ms
Wrote image file mandelbrot-thread.ppm
				(2.66x speedup from 3 threads)
--- invocation 5 ---
[mandelbrot serial]:		[580.226] ms
Wrote image file mandelbrot-serial.ppm
[worker 1/3 cyclic stride=3]: 213.358 ms
[worker 0/3 cyclic stride=3]: 214.338 ms
[worker 2/3 cyclic stride=3]: 216.427 ms
[worker 2/3 cyclic stride=3]: 235.212 ms
[worker 0/3 cyclic stride=3]: 237.292 ms
[worker 1/3 cyclic stride=3]: 240.524 ms
[worker 0/3 cyclic stride=3]: 241.969 ms
[worker 2/3 cyclic stride=3]: 245.989 ms
[worker 1/3 cyclic stride=3]: 255.720 ms
[worker 2/3 cyclic stride=3]: 233.241 ms
[worker 1/3 cyclic stride=3]: 235.457 ms
[worker 0/3 cyclic stride=3]: 237.380 ms
[worker 0/3 cyclic stride=3]: 231.964 ms
[worker 1/3 cyclic stride=3]: 232.210 ms
[worker 2/3 cyclic stride=3]: 233.556 ms
[mandelbrot thread]:		[216.813] ms
Wrote image file mandelbrot-thread.ppm
				(2.68x speedup from 3 threads)

------- threads = 4 (10s cooldown + 1 warmup) -------
--- invocation 1 ---
[mandelbrot serial]:		[583.157] ms
Wrote image file mandelbrot-serial.ppm
[worker 1/4 cyclic stride=4]: 161.329 ms
[worker 2/4 cyclic stride=4]: 161.370 ms
[worker 3/4 cyclic stride=4]: 163.469 ms
[worker 0/4 cyclic stride=4]: 164.395 ms
[worker 1/4 cyclic stride=4]: 186.791 ms
[worker 2/4 cyclic stride=4]: 195.321 ms
[worker 3/4 cyclic stride=4]: 195.599 ms
[worker 0/4 cyclic stride=4]: 201.701 ms
[worker 0/4 cyclic stride=4]: 184.133 ms
[worker 1/4 cyclic stride=4]: 184.394 ms
[worker 2/4 cyclic stride=4]: 185.527 ms
[worker 3/4 cyclic stride=4]: 186.668 ms
[worker 0/4 cyclic stride=4]: 185.431 ms
[worker 2/4 cyclic stride=4]: 185.675 ms
[worker 3/4 cyclic stride=4]: 188.351 ms
[worker 1/4 cyclic stride=4]: 188.905 ms
[worker 1/4 cyclic stride=4]: 198.712 ms
[worker 3/4 cyclic stride=4]: 199.836 ms
[worker 0/4 cyclic stride=4]: 199.928 ms
[worker 2/4 cyclic stride=4]: 203.104 ms
[mandelbrot thread]:		[164.686] ms
Wrote image file mandelbrot-thread.ppm
				(3.54x speedup from 4 threads)
--- invocation 2 ---
[mandelbrot serial]:		[588.739] ms
Wrote image file mandelbrot-serial.ppm
[worker 2/4 cyclic stride=4]: 169.052 ms
[worker 0/4 cyclic stride=4]: 169.744 ms
[worker 3/4 cyclic stride=4]: 170.380 ms
[worker 1/4 cyclic stride=4]: 171.741 ms
[worker 2/4 cyclic stride=4]: 173.568 ms
[worker 1/4 cyclic stride=4]: 175.198 ms
[worker 3/4 cyclic stride=4]: 175.233 ms
[worker 0/4 cyclic stride=4]: 175.485 ms
[worker 1/4 cyclic stride=4]: 179.579 ms
[worker 0/4 cyclic stride=4]: 180.789 ms
[worker 2/4 cyclic stride=4]: 182.225 ms
[worker 3/4 cyclic stride=4]: 183.626 ms
[worker 0/4 cyclic stride=4]: 182.132 ms
[worker 3/4 cyclic stride=4]: 183.051 ms
[worker 1/4 cyclic stride=4]: 183.840 ms
[worker 2/4 cyclic stride=4]: 185.227 ms
[worker 3/4 cyclic stride=4]: 179.328 ms
[worker 0/4 cyclic stride=4]: 179.930 ms
[worker 2/4 cyclic stride=4]: 180.445 ms
[worker 1/4 cyclic stride=4]: 182.489 ms
[mandelbrot thread]:		[172.130] ms
Wrote image file mandelbrot-thread.ppm
				(3.42x speedup from 4 threads)
--- invocation 3 ---
[mandelbrot serial]:		[576.623] ms
Wrote image file mandelbrot-serial.ppm
[worker 0/4 cyclic stride=4]: 165.709 ms
[worker 2/4 cyclic stride=4]: 165.977 ms
[worker 3/4 cyclic stride=4]: 166.225 ms
[worker 1/4 cyclic stride=4]: 166.799 ms
[worker 3/4 cyclic stride=4]: 180.268 ms
[worker 2/4 cyclic stride=4]: 181.070 ms
[worker 0/4 cyclic stride=4]: 181.535 ms
[worker 1/4 cyclic stride=4]: 182.087 ms
[worker 2/4 cyclic stride=4]: 183.019 ms
[worker 1/4 cyclic stride=4]: 184.372 ms
[worker 3/4 cyclic stride=4]: 186.481 ms
[worker 0/4 cyclic stride=4]: 187.125 ms
[worker 0/4 cyclic stride=4]: 179.968 ms
[worker 3/4 cyclic stride=4]: 180.360 ms
[worker 1/4 cyclic stride=4]: 180.815 ms
[worker 2/4 cyclic stride=4]: 182.621 ms
[worker 2/4 cyclic stride=4]: 184.079 ms
[worker 0/4 cyclic stride=4]: 184.763 ms
[worker 3/4 cyclic stride=4]: 185.320 ms
[worker 1/4 cyclic stride=4]: 185.688 ms
[mandelbrot thread]:		[167.504] ms
Wrote image file mandelbrot-thread.ppm
				(3.44x speedup from 4 threads)
--- invocation 4 ---
[mandelbrot serial]:		[578.374] ms
Wrote image file mandelbrot-serial.ppm
[worker 1/4 cyclic stride=4]: 166.674 ms
[worker 2/4 cyclic stride=4]: 168.530 ms
[worker 3/4 cyclic stride=4]: 168.767 ms
[worker 0/4 cyclic stride=4]: 168.850 ms
[worker 3/4 cyclic stride=4]: 177.251 ms
[worker 1/4 cyclic stride=4]: 178.401 ms
[worker 2/4 cyclic stride=4]: 178.637 ms
[worker 0/4 cyclic stride=4]: 182.497 ms
[worker 1/4 cyclic stride=4]: 187.573 ms
[worker 3/4 cyclic stride=4]: 188.292 ms
[worker 2/4 cyclic stride=4]: 192.523 ms
[worker 0/4 cyclic stride=4]: 194.518 ms
[worker 1/4 cyclic stride=4]: 204.531 ms
[worker 2/4 cyclic stride=4]: 205.055 ms
[worker 3/4 cyclic stride=4]: 208.083 ms
[worker 0/4 cyclic stride=4]: 209.946 ms
[worker 2/4 cyclic stride=4]: 194.397 ms
[worker 1/4 cyclic stride=4]: 195.577 ms
[worker 3/4 cyclic stride=4]: 196.736 ms
[worker 0/4 cyclic stride=4]: 196.772 ms
[mandelbrot thread]:		[169.161] ms
Wrote image file mandelbrot-thread.ppm
				(3.42x speedup from 4 threads)
--- invocation 5 ---
[mandelbrot serial]:		[579.649] ms
Wrote image file mandelbrot-serial.ppm
[worker 1/4 cyclic stride=4]: 164.721 ms
[worker 2/4 cyclic stride=4]: 165.430 ms
[worker 3/4 cyclic stride=4]: 165.673 ms
[worker 0/4 cyclic stride=4]: 168.336 ms
[worker 3/4 cyclic stride=4]: 177.904 ms
[worker 1/4 cyclic stride=4]: 178.197 ms
[worker 0/4 cyclic stride=4]: 179.647 ms
[worker 2/4 cyclic stride=4]: 182.033 ms
[worker 2/4 cyclic stride=4]: 184.460 ms
[worker 3/4 cyclic stride=4]: 186.654 ms
[worker 1/4 cyclic stride=4]: 187.801 ms
[worker 0/4 cyclic stride=4]: 190.992 ms
[worker 2/4 cyclic stride=4]: 189.128 ms
[worker 1/4 cyclic stride=4]: 190.120 ms
[worker 0/4 cyclic stride=4]: 194.965 ms
[worker 3/4 cyclic stride=4]: 195.016 ms
[worker 2/4 cyclic stride=4]: 184.610 ms
[worker 1/4 cyclic stride=4]: 185.012 ms
[worker 0/4 cyclic stride=4]: 186.443 ms
[worker 3/4 cyclic stride=4]: 188.790 ms
[mandelbrot thread]:		[168.807] ms
Wrote image file mandelbrot-thread.ppm
				(3.43x speedup from 4 threads)

------- threads = 5 (10s cooldown + 1 warmup) -------
--- invocation 1 ---
[mandelbrot serial]:		[660.307] ms
Wrote image file mandelbrot-serial.ppm
[worker 4/5 cyclic stride=5]: 168.218 ms
[worker 1/5 cyclic stride=5]: 175.063 ms
[worker 0/5 cyclic stride=5]: 175.068 ms
[worker 3/5 cyclic stride=5]: 176.504 ms
[worker 2/5 cyclic stride=5]: 181.600 ms
[worker 3/5 cyclic stride=5]: 182.555 ms
[worker 0/5 cyclic stride=5]: 191.115 ms
[worker 4/5 cyclic stride=5]: 192.533 ms
[worker 1/5 cyclic stride=5]: 203.057 ms
[worker 2/5 cyclic stride=5]: 213.872 ms
[worker 2/5 cyclic stride=5]: 196.034 ms
[worker 3/5 cyclic stride=5]: 198.492 ms
[worker 4/5 cyclic stride=5]: 207.890 ms
[worker 1/5 cyclic stride=5]: 208.788 ms
[worker 0/5 cyclic stride=5]: 213.336 ms
[worker 2/5 cyclic stride=5]: 174.452 ms
[worker 4/5 cyclic stride=5]: 180.593 ms
[worker 1/5 cyclic stride=5]: 185.991 ms
[worker 0/5 cyclic stride=5]: 187.583 ms
[worker 3/5 cyclic stride=5]: 191.239 ms
[worker 4/5 cyclic stride=5]: 167.272 ms
[worker 3/5 cyclic stride=5]: 169.320 ms
[worker 2/5 cyclic stride=5]: 169.885 ms
[worker 1/5 cyclic stride=5]: 170.624 ms
[worker 0/5 cyclic stride=5]: 171.476 ms
[mandelbrot thread]:		[171.969] ms
Wrote image file mandelbrot-thread.ppm
				(3.84x speedup from 5 threads)
--- invocation 2 ---
[mandelbrot serial]:		[591.554] ms
Wrote image file mandelbrot-serial.ppm
[worker 1/5 cyclic stride=5]: 133.263 ms
[worker 2/5 cyclic stride=5]: 136.254 ms
[worker 0/5 cyclic stride=5]: 136.234 ms
[worker 3/5 cyclic stride=5]: 136.519 ms
[worker 4/5 cyclic stride=5]: 136.585 ms
[worker 4/5 cyclic stride=5]: 152.436 ms
[worker 3/5 cyclic stride=5]: 153.752 ms
[worker 2/5 cyclic stride=5]: 155.865 ms
[worker 1/5 cyclic stride=5]: 157.267 ms
[worker 0/5 cyclic stride=5]: 161.651 ms
[worker 1/5 cyclic stride=5]: 158.372 ms
[worker 4/5 cyclic stride=5]: 158.729 ms
[worker 2/5 cyclic stride=5]: 160.913 ms
[worker 0/5 cyclic stride=5]: 164.492 ms
[worker 3/5 cyclic stride=5]: 171.672 ms
[worker 4/5 cyclic stride=5]: 163.234 ms
[worker 1/5 cyclic stride=5]: 168.448 ms
[worker 3/5 cyclic stride=5]: 170.123 ms
[worker 2/5 cyclic stride=5]: 170.728 ms
[worker 0/5 cyclic stride=5]: 171.506 ms
[worker 0/5 cyclic stride=5]: 160.957 ms
[worker 3/5 cyclic stride=5]: 162.206 ms
[worker 1/5 cyclic stride=5]: 164.083 ms
[worker 2/5 cyclic stride=5]: 166.019 ms
[worker 4/5 cyclic stride=5]: 165.791 ms
[mandelbrot thread]:		[137.087] ms
Wrote image file mandelbrot-thread.ppm
				(4.32x speedup from 5 threads)
--- invocation 3 ---
[mandelbrot serial]:		[605.157] ms
Wrote image file mandelbrot-serial.ppm
[worker 2/5 cyclic stride=5]: 143.778 ms
[worker 3/5 cyclic stride=5]: 146.011 ms
[worker 0/5 cyclic stride=5]: 147.860 ms
[worker 1/5 cyclic stride=5]: 148.287 ms
[worker 4/5 cyclic stride=5]: 149.268 ms
[worker 2/5 cyclic stride=5]: 148.522 ms
[worker 4/5 cyclic stride=5]: 151.118 ms
[worker 3/5 cyclic stride=5]: 153.954 ms
[worker 1/5 cyclic stride=5]: 154.874 ms
[worker 0/5 cyclic stride=5]: 155.096 ms
[worker 3/5 cyclic stride=5]: 152.821 ms
[worker 1/5 cyclic stride=5]: 153.245 ms
[worker 2/5 cyclic stride=5]: 153.549 ms
[worker 4/5 cyclic stride=5]: 153.646 ms
[worker 0/5 cyclic stride=5]: 156.991 ms
[worker 4/5 cyclic stride=5]: 160.320 ms
[worker 3/5 cyclic stride=5]: 161.108 ms
[worker 1/5 cyclic stride=5]: 162.682 ms
[worker 2/5 cyclic stride=5]: 163.531 ms
[worker 0/5 cyclic stride=5]: 163.424 ms
[worker 3/5 cyclic stride=5]: 159.659 ms
[worker 1/5 cyclic stride=5]: 160.525 ms
[worker 0/5 cyclic stride=5]: 164.044 ms
[worker 4/5 cyclic stride=5]: 164.814 ms
[worker 2/5 cyclic stride=5]: 165.314 ms
[mandelbrot thread]:		[149.873] ms
Wrote image file mandelbrot-thread.ppm
				(4.04x speedup from 5 threads)
--- invocation 4 ---
[mandelbrot serial]:		[572.339] ms
Wrote image file mandelbrot-serial.ppm
[worker 4/5 cyclic stride=5]: 152.162 ms
[worker 3/5 cyclic stride=5]: 158.180 ms
[worker 0/5 cyclic stride=5]: 158.394 ms
[worker 1/5 cyclic stride=5]: 159.246 ms
[worker 2/5 cyclic stride=5]: 160.886 ms
[worker 2/5 cyclic stride=5]: 197.553 ms
[worker 1/5 cyclic stride=5]: 199.272 ms
[worker 0/5 cyclic stride=5]: 200.511 ms
[worker 3/5 cyclic stride=5]: 203.078 ms
[worker 4/5 cyclic stride=5]: 203.727 ms
[worker 4/5 cyclic stride=5]: 174.192 ms
[worker 1/5 cyclic stride=5]: 176.570 ms
[worker 3/5 cyclic stride=5]: 177.095 ms
[worker 2/5 cyclic stride=5]: 178.873 ms
[worker 0/5 cyclic stride=5]: 179.681 ms
[worker 3/5 cyclic stride=5]: 170.206 ms
[worker 2/5 cyclic stride=5]: 170.576 ms
[worker 4/5 cyclic stride=5]: 171.017 ms
[worker 0/5 cyclic stride=5]: 171.145 ms
[worker 1/5 cyclic stride=5]: 173.271 ms
[worker 2/5 cyclic stride=5]: 170.155 ms
[worker 1/5 cyclic stride=5]: 170.902 ms
[worker 3/5 cyclic stride=5]: 172.580 ms
[worker 4/5 cyclic stride=5]: 173.713 ms
[worker 0/5 cyclic stride=5]: 174.127 ms
[mandelbrot thread]:		[161.356] ms
Wrote image file mandelbrot-thread.ppm
				(3.55x speedup from 5 threads)
--- invocation 5 ---
[mandelbrot serial]:		[616.696] ms
Wrote image file mandelbrot-serial.ppm
[worker 3/5 cyclic stride=5]: 131.447 ms
[worker 2/5 cyclic stride=5]: 131.759 ms
[worker 0/5 cyclic stride=5]: 131.724 ms
[worker 4/5 cyclic stride=5]: 131.702 ms
[worker 1/5 cyclic stride=5]: 133.612 ms
[worker 2/5 cyclic stride=5]: 141.764 ms
[worker 0/5 cyclic stride=5]: 143.085 ms
[worker 3/5 cyclic stride=5]: 144.026 ms
[worker 4/5 cyclic stride=5]: 144.299 ms
[worker 1/5 cyclic stride=5]: 144.597 ms
[worker 2/5 cyclic stride=5]: 147.988 ms
[worker 1/5 cyclic stride=5]: 151.431 ms
[worker 4/5 cyclic stride=5]: 151.507 ms
[worker 3/5 cyclic stride=5]: 152.727 ms
[worker 0/5 cyclic stride=5]: 153.578 ms
[worker 1/5 cyclic stride=5]: 154.645 ms
[worker 4/5 cyclic stride=5]: 155.864 ms
[worker 0/5 cyclic stride=5]: 156.139 ms
[worker 2/5 cyclic stride=5]: 156.632 ms
[worker 3/5 cyclic stride=5]: 157.251 ms
[worker 4/5 cyclic stride=5]: 168.284 ms
[worker 1/5 cyclic stride=5]: 171.466 ms
[worker 3/5 cyclic stride=5]: 177.221 ms
[worker 2/5 cyclic stride=5]: 178.278 ms
[worker 0/5 cyclic stride=5]: 180.190 ms
[mandelbrot thread]:		[134.053] ms
Wrote image file mandelbrot-thread.ppm
				(4.60x speedup from 5 threads)

------- threads = 6 (10s cooldown + 1 warmup) -------
--- invocation 1 ---
[mandelbrot serial]:		[574.910] ms
Wrote image file mandelbrot-serial.ppm
[worker 3/6 cyclic stride=6]: 108.219 ms
[worker 1/6 cyclic stride=6]: 112.663 ms
[worker 0/6 cyclic stride=6]: 113.208 ms
[worker 5/6 cyclic stride=6]: 113.697 ms
[worker 4/6 cyclic stride=6]: 114.285 ms
[worker 2/6 cyclic stride=6]: 115.212 ms
[worker 1/6 cyclic stride=6]: 124.059 ms
[worker 2/6 cyclic stride=6]: 125.086 ms
[worker 0/6 cyclic stride=6]: 126.460 ms
[worker 4/6 cyclic stride=6]: 126.888 ms
[worker 5/6 cyclic stride=6]: 127.160 ms
[worker 3/6 cyclic stride=6]: 127.876 ms
[worker 3/6 cyclic stride=6]: 137.816 ms
[worker 4/6 cyclic stride=6]: 138.039 ms
[worker 2/6 cyclic stride=6]: 138.359 ms
[worker 5/6 cyclic stride=6]: 138.650 ms
[worker 1/6 cyclic stride=6]: 140.289 ms
[worker 0/6 cyclic stride=6]: 141.941 ms
[worker 1/6 cyclic stride=6]: 136.036 ms
[worker 4/6 cyclic stride=6]: 136.187 ms
[worker 3/6 cyclic stride=6]: 136.986 ms
[worker 2/6 cyclic stride=6]: 137.739 ms
[worker 0/6 cyclic stride=6]: 138.872 ms
[worker 5/6 cyclic stride=6]: 141.221 ms
[worker 3/6 cyclic stride=6]: 137.181 ms
[worker 5/6 cyclic stride=6]: 137.919 ms
[worker 2/6 cyclic stride=6]: 139.022 ms
[worker 1/6 cyclic stride=6]: 139.521 ms
[worker 4/6 cyclic stride=6]: 139.258 ms
[worker 0/6 cyclic stride=6]: 139.423 ms
[mandelbrot thread]:		[115.608] ms
Wrote image file mandelbrot-thread.ppm
				(4.97x speedup from 6 threads)
--- invocation 2 ---
[mandelbrot serial]:		[583.318] ms
Wrote image file mandelbrot-serial.ppm
[worker 3/6 cyclic stride=6]: 112.874 ms
[worker 1/6 cyclic stride=6]: 113.873 ms
[worker 2/6 cyclic stride=6]: 114.333 ms
[worker 4/6 cyclic stride=6]: 114.630 ms
[worker 5/6 cyclic stride=6]: 114.560 ms
[worker 0/6 cyclic stride=6]: 116.230 ms
[worker 4/6 cyclic stride=6]: 120.501 ms
[worker 3/6 cyclic stride=6]: 120.726 ms
[worker 1/6 cyclic stride=6]: 121.005 ms
[worker 0/6 cyclic stride=6]: 121.317 ms
[worker 2/6 cyclic stride=6]: 122.496 ms
[worker 5/6 cyclic stride=6]: 124.759 ms
[worker 1/6 cyclic stride=6]: 124.407 ms
[worker 4/6 cyclic stride=6]: 129.623 ms
[worker 3/6 cyclic stride=6]: 129.760 ms
[worker 5/6 cyclic stride=6]: 129.980 ms
[worker 2/6 cyclic stride=6]: 130.951 ms
[worker 0/6 cyclic stride=6]: 130.830 ms
[worker 5/6 cyclic stride=6]: 134.427 ms
[worker 1/6 cyclic stride=6]: 136.768 ms
[worker 4/6 cyclic stride=6]: 139.216 ms
[worker 2/6 cyclic stride=6]: 140.696 ms
[worker 3/6 cyclic stride=6]: 142.677 ms
[worker 0/6 cyclic stride=6]: 145.539 ms
[worker 4/6 cyclic stride=6]: 133.467 ms
[worker 3/6 cyclic stride=6]: 134.713 ms
[worker 1/6 cyclic stride=6]: 135.028 ms
[worker 0/6 cyclic stride=6]: 136.681 ms
[worker 5/6 cyclic stride=6]: 136.684 ms
[worker 2/6 cyclic stride=6]: 137.880 ms
[mandelbrot thread]:		[116.746] ms
Wrote image file mandelbrot-thread.ppm
				(5.00x speedup from 6 threads)
--- invocation 3 ---
[mandelbrot serial]:		[590.771] ms
Wrote image file mandelbrot-serial.ppm
[worker 5/6 cyclic stride=6]: 118.562 ms
[worker 4/6 cyclic stride=6]: 119.501 ms
[worker 2/6 cyclic stride=6]: 121.245 ms
[worker 1/6 cyclic stride=6]: 123.207 ms
[worker 3/6 cyclic stride=6]: 123.124 ms
[worker 0/6 cyclic stride=6]: 123.405 ms
[worker 1/6 cyclic stride=6]: 140.265 ms
[worker 2/6 cyclic stride=6]: 142.463 ms
[worker 5/6 cyclic stride=6]: 144.619 ms
[worker 0/6 cyclic stride=6]: 148.578 ms
[worker 4/6 cyclic stride=6]: 148.671 ms
[worker 3/6 cyclic stride=6]: 153.626 ms
[worker 2/6 cyclic stride=6]: 149.833 ms
[worker 1/6 cyclic stride=6]: 151.556 ms
[worker 3/6 cyclic stride=6]: 152.220 ms
[worker 5/6 cyclic stride=6]: 153.491 ms
[worker 4/6 cyclic stride=6]: 154.685 ms
[worker 0/6 cyclic stride=6]: 167.626 ms
[worker 0/6 cyclic stride=6]: 136.474 ms
[worker 4/6 cyclic stride=6]: 137.650 ms
[worker 1/6 cyclic stride=6]: 138.111 ms
[worker 5/6 cyclic stride=6]: 139.026 ms
[worker 2/6 cyclic stride=6]: 139.648 ms
[worker 3/6 cyclic stride=6]: 140.861 ms
[worker 1/6 cyclic stride=6]: 144.636 ms
[worker 3/6 cyclic stride=6]: 144.441 ms
[worker 4/6 cyclic stride=6]: 144.667 ms
[worker 0/6 cyclic stride=6]: 144.645 ms
[worker 2/6 cyclic stride=6]: 145.432 ms
[worker 5/6 cyclic stride=6]: 147.722 ms
[mandelbrot thread]:		[124.175] ms
Wrote image file mandelbrot-thread.ppm
				(4.76x speedup from 6 threads)
--- invocation 4 ---
[mandelbrot serial]:		[605.589] ms
Wrote image file mandelbrot-serial.ppm
[worker 3/6 cyclic stride=6]: 125.853 ms
[worker 2/6 cyclic stride=6]: 127.754 ms
[worker 5/6 cyclic stride=6]: 127.606 ms
[worker 1/6 cyclic stride=6]: 128.807 ms
[worker 0/6 cyclic stride=6]: 128.638 ms
[worker 4/6 cyclic stride=6]: 136.518 ms
[worker 1/6 cyclic stride=6]: 133.840 ms
[worker 2/6 cyclic stride=6]: 135.576 ms
[worker 5/6 cyclic stride=6]: 135.533 ms
[worker 4/6 cyclic stride=6]: 135.710 ms
[worker 3/6 cyclic stride=6]: 137.551 ms
[worker 0/6 cyclic stride=6]: 138.094 ms
[worker 3/6 cyclic stride=6]: 139.874 ms
[worker 0/6 cyclic stride=6]: 141.300 ms
[worker 5/6 cyclic stride=6]: 142.085 ms
[worker 4/6 cyclic stride=6]: 142.763 ms
[worker 1/6 cyclic stride=6]: 143.615 ms
[worker 2/6 cyclic stride=6]: 145.330 ms
[worker 5/6 cyclic stride=6]: 145.469 ms
[worker 0/6 cyclic stride=6]: 145.890 ms
[worker 3/6 cyclic stride=6]: 146.721 ms
[worker 1/6 cyclic stride=6]: 146.957 ms
[worker 4/6 cyclic stride=6]: 147.480 ms
[worker 2/6 cyclic stride=6]: 150.427 ms
[worker 3/6 cyclic stride=6]: 151.137 ms
[worker 5/6 cyclic stride=6]: 151.765 ms
[worker 4/6 cyclic stride=6]: 153.171 ms
[worker 0/6 cyclic stride=6]: 153.242 ms
[worker 2/6 cyclic stride=6]: 157.138 ms
[worker 1/6 cyclic stride=6]: 158.945 ms
[mandelbrot thread]:		[137.262] ms
Wrote image file mandelbrot-thread.ppm
				(4.41x speedup from 6 threads)
--- invocation 5 ---
[mandelbrot serial]:		[617.017] ms
Wrote image file mandelbrot-serial.ppm
[worker 4/6 cyclic stride=6]: 118.978 ms
[worker 5/6 cyclic stride=6]: 119.665 ms
[worker 2/6 cyclic stride=6]: 121.187 ms
[worker 1/6 cyclic stride=6]: 123.048 ms
[worker 0/6 cyclic stride=6]: 123.325 ms
[worker 3/6 cyclic stride=6]: 124.001 ms
[worker 5/6 cyclic stride=6]: 146.769 ms
[worker 3/6 cyclic stride=6]: 147.068 ms
[worker 1/6 cyclic stride=6]: 148.312 ms
[worker 4/6 cyclic stride=6]: 148.868 ms
[worker 2/6 cyclic stride=6]: 152.168 ms
[worker 0/6 cyclic stride=6]: 152.045 ms
[worker 4/6 cyclic stride=6]: 132.621 ms
[worker 1/6 cyclic stride=6]: 133.739 ms
[worker 2/6 cyclic stride=6]: 136.992 ms
[worker 5/6 cyclic stride=6]: 140.431 ms
[worker 3/6 cyclic stride=6]: 141.021 ms
[worker 0/6 cyclic stride=6]: 143.957 ms
[worker 3/6 cyclic stride=6]: 134.293 ms
[worker 0/6 cyclic stride=6]: 135.648 ms
[worker 2/6 cyclic stride=6]: 136.043 ms
[worker 4/6 cyclic stride=6]: 136.516 ms
[worker 1/6 cyclic stride=6]: 137.947 ms
[worker 5/6 cyclic stride=6]: 139.280 ms
[worker 1/6 cyclic stride=6]: 134.531 ms
[worker 3/6 cyclic stride=6]: 135.481 ms
[worker 5/6 cyclic stride=6]: 135.810 ms
[worker 2/6 cyclic stride=6]: 136.205 ms
[worker 0/6 cyclic stride=6]: 136.154 ms
[worker 4/6 cyclic stride=6]: 136.770 ms
[mandelbrot thread]:		[124.537] ms
Wrote image file mandelbrot-thread.ppm
				(4.95x speedup from 6 threads)

------- threads = 7 (10s cooldown + 1 warmup) -------
--- invocation 1 ---
[mandelbrot serial]:		[590.460] ms
Wrote image file mandelbrot-serial.ppm
[worker 4/7 cyclic stride=7]: 99.542 ms
[worker 1/7 cyclic stride=7]: 111.888 ms
[worker 6/7 cyclic stride=7]: 112.732 ms
[worker 3/7 cyclic stride=7]: 113.221 ms
[worker 0/7 cyclic stride=7]: 114.302 ms
[worker 2/7 cyclic stride=7]: 117.174 ms
[worker 5/7 cyclic stride=7]: 120.676 ms
[worker 3/7 cyclic stride=7]: 133.134 ms
[worker 5/7 cyclic stride=7]: 139.325 ms
[worker 4/7 cyclic stride=7]: 143.578 ms
[worker 6/7 cyclic stride=7]: 171.791 ms
[worker 0/7 cyclic stride=7]: 174.813 ms
[worker 1/7 cyclic stride=7]: 174.445 ms
[worker 2/7 cyclic stride=7]: 173.298 ms
[worker 3/7 cyclic stride=7]: 125.796 ms
[worker 1/7 cyclic stride=7]: 129.122 ms
[worker 5/7 cyclic stride=7]: 128.995 ms
[worker 6/7 cyclic stride=7]: 129.329 ms
[worker 0/7 cyclic stride=7]: 131.757 ms
[worker 2/7 cyclic stride=7]: 134.741 ms
[worker 4/7 cyclic stride=7]: 136.290 ms
[worker 2/7 cyclic stride=7]: 117.897 ms
[worker 4/7 cyclic stride=7]: 120.338 ms
[worker 1/7 cyclic stride=7]: 124.676 ms
[worker 3/7 cyclic stride=7]: 125.446 ms
[worker 5/7 cyclic stride=7]: 127.095 ms
[worker 6/7 cyclic stride=7]: 134.586 ms
[worker 0/7 cyclic stride=7]: 136.780 ms
[worker 6/7 cyclic stride=7]: 121.597 ms
[worker 4/7 cyclic stride=7]: 123.265 ms
[worker 5/7 cyclic stride=7]: 124.027 ms
[worker 1/7 cyclic stride=7]: 126.053 ms
[worker 2/7 cyclic stride=7]: 126.242 ms
[worker 0/7 cyclic stride=7]: 126.543 ms
[worker 3/7 cyclic stride=7]: 129.813 ms
[mandelbrot thread]:		[121.753] ms
Wrote image file mandelbrot-thread.ppm
				(4.85x speedup from 7 threads)
--- invocation 2 ---
[mandelbrot serial]:		[593.875] ms
Wrote image file mandelbrot-serial.ppm
[worker 2/7 cyclic stride=7]: 98.010 ms
[worker 0/7 cyclic stride=7]: 101.668 ms
[worker 4/7 cyclic stride=7]: 103.741 ms
[worker 5/7 cyclic stride=7]: 104.544 ms
[worker 1/7 cyclic stride=7]: 105.333 ms
[worker 3/7 cyclic stride=7]: 105.430 ms
[worker 6/7 cyclic stride=7]: 112.815 ms
[worker 0/7 cyclic stride=7]: 125.565 ms
[worker 3/7 cyclic stride=7]: 126.884 ms
[worker 2/7 cyclic stride=7]: 128.001 ms
[worker 6/7 cyclic stride=7]: 128.133 ms
[worker 1/7 cyclic stride=7]: 129.488 ms
[worker 4/7 cyclic stride=7]: 129.698 ms
[worker 5/7 cyclic stride=7]: 133.855 ms
[worker 5/7 cyclic stride=7]: 119.398 ms
[worker 1/7 cyclic stride=7]: 120.331 ms
[worker 6/7 cyclic stride=7]: 121.229 ms
[worker 4/7 cyclic stride=7]: 124.587 ms
[worker 2/7 cyclic stride=7]: 125.112 ms
[worker 0/7 cyclic stride=7]: 125.756 ms
[worker 3/7 cyclic stride=7]: 133.489 ms
[worker 4/7 cyclic stride=7]: 133.061 ms
[worker 5/7 cyclic stride=7]: 135.289 ms
[worker 6/7 cyclic stride=7]: 136.454 ms
[worker 1/7 cyclic stride=7]: 137.830 ms
[worker 0/7 cyclic stride=7]: 144.918 ms
[worker 2/7 cyclic stride=7]: 150.587 ms
[worker 3/7 cyclic stride=7]: 157.215 ms
[worker 6/7 cyclic stride=7]: 142.002 ms
[worker 4/7 cyclic stride=7]: 146.615 ms
[worker 1/7 cyclic stride=7]: 153.020 ms
[worker 5/7 cyclic stride=7]: 158.376 ms
[worker 3/7 cyclic stride=7]: 171.371 ms
[worker 0/7 cyclic stride=7]: 175.841 ms
[worker 2/7 cyclic stride=7]: 187.073 ms
[mandelbrot thread]:		[113.604] ms
Wrote image file mandelbrot-thread.ppm
				(5.23x speedup from 7 threads)
--- invocation 3 ---
[mandelbrot serial]:		[586.308] ms
Wrote image file mandelbrot-serial.ppm
[worker 4/7 cyclic stride=7]: 113.608 ms
[worker 3/7 cyclic stride=7]: 121.692 ms
[worker 1/7 cyclic stride=7]: 125.438 ms
[worker 2/7 cyclic stride=7]: 127.187 ms
[worker 5/7 cyclic stride=7]: 129.283 ms
[worker 0/7 cyclic stride=7]: 130.392 ms
[worker 6/7 cyclic stride=7]: 135.752 ms
[worker 1/7 cyclic stride=7]: 127.982 ms
[worker 0/7 cyclic stride=7]: 129.351 ms
[worker 3/7 cyclic stride=7]: 130.191 ms
[worker 5/7 cyclic stride=7]: 130.752 ms
[worker 4/7 cyclic stride=7]: 131.608 ms
[worker 6/7 cyclic stride=7]: 131.659 ms
[worker 2/7 cyclic stride=7]: 134.432 ms
[worker 4/7 cyclic stride=7]: 120.136 ms
[worker 1/7 cyclic stride=7]: 123.231 ms
[worker 3/7 cyclic stride=7]: 129.362 ms
[worker 0/7 cyclic stride=7]: 129.623 ms
[worker 6/7 cyclic stride=7]: 130.421 ms
[worker 5/7 cyclic stride=7]: 132.121 ms
[worker 2/7 cyclic stride=7]: 132.849 ms
[worker 1/7 cyclic stride=7]: 123.325 ms
[worker 6/7 cyclic stride=7]: 123.743 ms
[worker 4/7 cyclic stride=7]: 124.057 ms
[worker 3/7 cyclic stride=7]: 125.982 ms
[worker 2/7 cyclic stride=7]: 127.826 ms
[worker 5/7 cyclic stride=7]: 134.942 ms
[worker 0/7 cyclic stride=7]: 137.675 ms
[worker 1/7 cyclic stride=7]: 125.509 ms
[worker 3/7 cyclic stride=7]: 126.095 ms
[worker 4/7 cyclic stride=7]: 128.640 ms
[worker 5/7 cyclic stride=7]: 133.726 ms
[worker 6/7 cyclic stride=7]: 136.206 ms
[worker 0/7 cyclic stride=7]: 138.057 ms
[worker 2/7 cyclic stride=7]: 141.677 ms
[mandelbrot thread]:		[133.422] ms
Wrote image file mandelbrot-thread.ppm
				(4.39x speedup from 7 threads)
--- invocation 4 ---
[mandelbrot serial]:		[620.273] ms
Wrote image file mandelbrot-serial.ppm
[worker 4/7 cyclic stride=7]: 117.520 ms
[worker 2/7 cyclic stride=7]: 120.446 ms
[worker 6/7 cyclic stride=7]: 122.001 ms
[worker 3/7 cyclic stride=7]: 122.900 ms
[worker 5/7 cyclic stride=7]: 125.720 ms
[worker 1/7 cyclic stride=7]: 132.282 ms
[worker 0/7 cyclic stride=7]: 132.347 ms
[worker 2/7 cyclic stride=7]: 125.862 ms
[worker 6/7 cyclic stride=7]: 133.455 ms
[worker 0/7 cyclic stride=7]: 135.182 ms
[worker 1/7 cyclic stride=7]: 138.376 ms
[worker 4/7 cyclic stride=7]: 139.873 ms
[worker 3/7 cyclic stride=7]: 142.052 ms
[worker 5/7 cyclic stride=7]: 143.718 ms
[worker 1/7 cyclic stride=7]: 139.056 ms
[worker 6/7 cyclic stride=7]: 143.573 ms
[worker 0/7 cyclic stride=7]: 149.611 ms
[worker 5/7 cyclic stride=7]: 174.752 ms
[worker 4/7 cyclic stride=7]: 177.572 ms
[worker 3/7 cyclic stride=7]: 179.654 ms
[worker 2/7 cyclic stride=7]: 188.981 ms
[worker 3/7 cyclic stride=7]: 126.979 ms
[worker 4/7 cyclic stride=7]: 128.193 ms
[worker 2/7 cyclic stride=7]: 129.892 ms
[worker 6/7 cyclic stride=7]: 130.942 ms
[worker 5/7 cyclic stride=7]: 136.429 ms
[worker 1/7 cyclic stride=7]: 137.302 ms
[worker 0/7 cyclic stride=7]: 141.683 ms
[worker 0/7 cyclic stride=7]: 120.231 ms
[worker 5/7 cyclic stride=7]: 125.684 ms
[worker 3/7 cyclic stride=7]: 127.125 ms
[worker 1/7 cyclic stride=7]: 129.059 ms
[worker 4/7 cyclic stride=7]: 129.045 ms
[worker 6/7 cyclic stride=7]: 128.843 ms
[worker 2/7 cyclic stride=7]: 136.925 ms
[mandelbrot thread]:		[133.565] ms
Wrote image file mandelbrot-thread.ppm
				(4.64x speedup from 7 threads)
--- invocation 5 ---
[mandelbrot serial]:		[588.690] ms
Wrote image file mandelbrot-serial.ppm
[worker 0/7 cyclic stride=7]: 100.630 ms
[worker 4/7 cyclic stride=7]: 102.472 ms
[worker 5/7 cyclic stride=7]: 105.754 ms
[worker 6/7 cyclic stride=7]: 108.086 ms
[worker 1/7 cyclic stride=7]: 110.720 ms
[worker 2/7 cyclic stride=7]: 112.294 ms
[worker 3/7 cyclic stride=7]: 112.227 ms
[worker 6/7 cyclic stride=7]: 114.063 ms
[worker 1/7 cyclic stride=7]: 115.603 ms
[worker 2/7 cyclic stride=7]: 115.877 ms
[worker 3/7 cyclic stride=7]: 117.196 ms
[worker 5/7 cyclic stride=7]: 117.676 ms
[worker 0/7 cyclic stride=7]: 119.434 ms
[worker 4/7 cyclic stride=7]: 121.298 ms
[worker 3/7 cyclic stride=7]: 120.741 ms
[worker 4/7 cyclic stride=7]: 121.081 ms
[worker 5/7 cyclic stride=7]: 122.928 ms
[worker 2/7 cyclic stride=7]: 123.553 ms
[worker 1/7 cyclic stride=7]: 127.356 ms
[worker 0/7 cyclic stride=7]: 129.351 ms
[worker 6/7 cyclic stride=7]: 130.981 ms
[worker 6/7 cyclic stride=7]: 122.946 ms
[worker 0/7 cyclic stride=7]: 123.027 ms
[worker 2/7 cyclic stride=7]: 125.682 ms
[worker 1/7 cyclic stride=7]: 125.898 ms
[worker 5/7 cyclic stride=7]: 126.683 ms
[worker 4/7 cyclic stride=7]: 128.670 ms
[worker 3/7 cyclic stride=7]: 131.453 ms
[worker 2/7 cyclic stride=7]: 116.072 ms
[worker 5/7 cyclic stride=7]: 124.191 ms
[worker 1/7 cyclic stride=7]: 125.153 ms
[worker 4/7 cyclic stride=7]: 126.256 ms
[worker 6/7 cyclic stride=7]: 130.961 ms
[worker 3/7 cyclic stride=7]: 131.415 ms
[worker 0/7 cyclic stride=7]: 131.218 ms
[mandelbrot thread]:		[112.785] ms
Wrote image file mandelbrot-thread.ppm
				(5.22x speedup from 7 threads)

------- threads = 8 (10s cooldown + 1 warmup) -------
--- invocation 1 ---
[mandelbrot serial]:		[598.998] ms
Wrote image file mandelbrot-serial.ppm
[worker 0/8 cyclic stride=8]: 95.749 ms
[worker 3/8 cyclic stride=8]: 97.342 ms
[worker 7/8 cyclic stride=8]: 101.537 ms
[worker 6/8 cyclic stride=8]: 107.407 ms
[worker 2/8 cyclic stride=8]: 110.447 ms
[worker 5/8 cyclic stride=8]: 112.584 ms
[worker 1/8 cyclic stride=8]: 116.156 ms
[worker 4/8 cyclic stride=8]: 117.931 ms
[worker 5/8 cyclic stride=8]: 99.065 ms
[worker 1/8 cyclic stride=8]: 112.619 ms
[worker 2/8 cyclic stride=8]: 117.212 ms
[worker 3/8 cyclic stride=8]: 118.799 ms
[worker 7/8 cyclic stride=8]: 115.358 ms
[worker 0/8 cyclic stride=8]: 123.373 ms
[worker 4/8 cyclic stride=8]: 129.218 ms
[worker 6/8 cyclic stride=8]: 132.123 ms
[worker 7/8 cyclic stride=8]: 109.689 ms
[worker 1/8 cyclic stride=8]: 122.707 ms
[worker 3/8 cyclic stride=8]: 128.446 ms
[worker 4/8 cyclic stride=8]: 133.633 ms
[worker 6/8 cyclic stride=8]: 132.895 ms
[worker 0/8 cyclic stride=8]: 137.215 ms
[worker 2/8 cyclic stride=8]: 143.931 ms
[worker 5/8 cyclic stride=8]: 146.198 ms
[worker 1/8 cyclic stride=8]: 118.614 ms
[worker 4/8 cyclic stride=8]: 129.434 ms
[worker 7/8 cyclic stride=8]: 127.332 ms
[worker 0/8 cyclic stride=8]: 132.697 ms
[worker 3/8 cyclic stride=8]: 134.493 ms
[worker 2/8 cyclic stride=8]: 135.574 ms
[worker 5/8 cyclic stride=8]: 146.174 ms
[worker 6/8 cyclic stride=8]: 149.608 ms
[worker 5/8 cyclic stride=8]: 137.517 ms
[worker 7/8 cyclic stride=8]: 134.262 ms
[worker 6/8 cyclic stride=8]: 139.134 ms
[worker 0/8 cyclic stride=8]: 141.654 ms
[worker 3/8 cyclic stride=8]: 142.102 ms
[worker 1/8 cyclic stride=8]: 144.824 ms
[worker 4/8 cyclic stride=8]: 147.898 ms
[worker 2/8 cyclic stride=8]: 156.881 ms
[mandelbrot thread]:		[118.592] ms
Wrote image file mandelbrot-thread.ppm
				(5.05x speedup from 8 threads)
--- invocation 2 ---
[mandelbrot serial]:		[602.598] ms
Wrote image file mandelbrot-serial.ppm
[worker 3/8 cyclic stride=8]: 95.510 ms
[worker 5/8 cyclic stride=8]: 95.531 ms
[worker 2/8 cyclic stride=8]: 97.534 ms
[worker 0/8 cyclic stride=8]: 99.355 ms
[worker 1/8 cyclic stride=8]: 104.325 ms
[worker 6/8 cyclic stride=8]: 110.763 ms
[worker 4/8 cyclic stride=8]: 111.138 ms
[worker 7/8 cyclic stride=8]: 111.757 ms
[worker 4/8 cyclic stride=8]: 110.434 ms
[worker 5/8 cyclic stride=8]: 111.381 ms
[worker 2/8 cyclic stride=8]: 115.074 ms
[worker 0/8 cyclic stride=8]: 126.065 ms
[worker 1/8 cyclic stride=8]: 130.641 ms
[worker 7/8 cyclic stride=8]: 131.303 ms
[worker 3/8 cyclic stride=8]: 134.551 ms
[worker 6/8 cyclic stride=8]: 141.898 ms
[worker 1/8 cyclic stride=8]: 206.060 ms
[worker 4/8 cyclic stride=8]: 209.371 ms
[worker 7/8 cyclic stride=8]: 211.739 ms
[worker 0/8 cyclic stride=8]: 215.300 ms
[worker 6/8 cyclic stride=8]: 229.657 ms
[worker 5/8 cyclic stride=8]: 230.897 ms
[worker 2/8 cyclic stride=8]: 236.664 ms
[worker 3/8 cyclic stride=8]: 243.940 ms
[worker 6/8 cyclic stride=8]: 114.203 ms
[worker 4/8 cyclic stride=8]: 115.713 ms
[worker 7/8 cyclic stride=8]: 122.260 ms
[worker 0/8 cyclic stride=8]: 142.820 ms
[worker 1/8 cyclic stride=8]: 156.126 ms
[worker 5/8 cyclic stride=8]: 158.875 ms
[worker 2/8 cyclic stride=8]: 164.485 ms
[worker 3/8 cyclic stride=8]: 164.802 ms
[worker 6/8 cyclic stride=8]: 114.160 ms
[worker 1/8 cyclic stride=8]: 119.202 ms
[worker 4/8 cyclic stride=8]: 119.708 ms
[worker 3/8 cyclic stride=8]: 122.210 ms
[worker 2/8 cyclic stride=8]: 125.250 ms
[worker 5/8 cyclic stride=8]: 132.315 ms
[worker 7/8 cyclic stride=8]: 133.502 ms
[worker 0/8 cyclic stride=8]: 141.743 ms
[mandelbrot thread]:		[112.489] ms
Wrote image file mandelbrot-thread.ppm
				(5.36x speedup from 8 threads)
--- invocation 3 ---
[mandelbrot serial]:		[586.836] ms
Wrote image file mandelbrot-serial.ppm
[worker 4/8 cyclic stride=8]: 87.028 ms
[worker 5/8 cyclic stride=8]: 89.505 ms
[worker 1/8 cyclic stride=8]: 92.386 ms
[worker 3/8 cyclic stride=8]: 94.727 ms
[worker 7/8 cyclic stride=8]: 96.863 ms
[worker 0/8 cyclic stride=8]: 97.870 ms
[worker 2/8 cyclic stride=8]: 100.052 ms
[worker 6/8 cyclic stride=8]: 101.711 ms
[worker 7/8 cyclic stride=8]: 117.059 ms
[worker 0/8 cyclic stride=8]: 127.679 ms
[worker 1/8 cyclic stride=8]: 131.364 ms
[worker 3/8 cyclic stride=8]: 134.789 ms
[worker 5/8 cyclic stride=8]: 159.374 ms
[worker 6/8 cyclic stride=8]: 165.153 ms
[worker 4/8 cyclic stride=8]: 176.767 ms
[worker 2/8 cyclic stride=8]: 182.144 ms
[worker 5/8 cyclic stride=8]: 119.127 ms
[worker 0/8 cyclic stride=8]: 124.082 ms
[worker 3/8 cyclic stride=8]: 125.548 ms
[worker 7/8 cyclic stride=8]: 124.279 ms
[worker 6/8 cyclic stride=8]: 158.083 ms
[worker 4/8 cyclic stride=8]: 163.108 ms
[worker 1/8 cyclic stride=8]: 163.892 ms
[worker 2/8 cyclic stride=8]: 167.103 ms
[worker 2/8 cyclic stride=8]: 126.161 ms
[worker 1/8 cyclic stride=8]: 132.997 ms
[worker 7/8 cyclic stride=8]: 133.448 ms
[worker 5/8 cyclic stride=8]: 141.609 ms
[worker 3/8 cyclic stride=8]: 176.833 ms
[worker 4/8 cyclic stride=8]: 179.816 ms
[worker 6/8 cyclic stride=8]: 181.686 ms
[worker 0/8 cyclic stride=8]: 184.930 ms
[worker 7/8 cyclic stride=8]: 131.612 ms
[worker 2/8 cyclic stride=8]: 136.355 ms
[worker 3/8 cyclic stride=8]: 136.262 ms
[worker 0/8 cyclic stride=8]: 137.252 ms
[worker 1/8 cyclic stride=8]: 197.422 ms
[worker 6/8 cyclic stride=8]: 194.479 ms
[worker 4/8 cyclic stride=8]: 201.618 ms
[worker 5/8 cyclic stride=8]: 214.522 ms
[mandelbrot thread]:		[102.583] ms
Wrote image file mandelbrot-thread.ppm
				(5.72x speedup from 8 threads)
--- invocation 4 ---
[mandelbrot serial]:		[608.109] ms
Wrote image file mandelbrot-serial.ppm
[worker 0/8 cyclic stride=8]: 97.429 ms
[worker 1/8 cyclic stride=8]: 99.528 ms
[worker 7/8 cyclic stride=8]: 99.305 ms
[worker 6/8 cyclic stride=8]: 101.333 ms
[worker 3/8 cyclic stride=8]: 115.967 ms
[worker 5/8 cyclic stride=8]: 120.285 ms
[worker 4/8 cyclic stride=8]: 121.477 ms
[worker 2/8 cyclic stride=8]: 122.410 ms
[worker 4/8 cyclic stride=8]: 105.361 ms
[worker 5/8 cyclic stride=8]: 109.593 ms
[worker 0/8 cyclic stride=8]: 110.056 ms
[worker 7/8 cyclic stride=8]: 117.144 ms
[worker 6/8 cyclic stride=8]: 125.654 ms
[worker 2/8 cyclic stride=8]: 127.443 ms
[worker 3/8 cyclic stride=8]: 134.229 ms
[worker 1/8 cyclic stride=8]: 148.939 ms
[worker 1/8 cyclic stride=8]: 110.614 ms
[worker 4/8 cyclic stride=8]: 112.610 ms
[worker 0/8 cyclic stride=8]: 113.593 ms
[worker 3/8 cyclic stride=8]: 114.152 ms
[worker 2/8 cyclic stride=8]: 130.350 ms
[worker 7/8 cyclic stride=8]: 132.319 ms
[worker 5/8 cyclic stride=8]: 139.007 ms
[worker 6/8 cyclic stride=8]: 145.637 ms
[worker 1/8 cyclic stride=8]: 108.743 ms
[worker 2/8 cyclic stride=8]: 113.486 ms
[worker 4/8 cyclic stride=8]: 114.803 ms
[worker 3/8 cyclic stride=8]: 116.397 ms
[worker 5/8 cyclic stride=8]: 126.122 ms
[worker 6/8 cyclic stride=8]: 127.321 ms
[worker 7/8 cyclic stride=8]: 129.789 ms
[worker 0/8 cyclic stride=8]: 136.536 ms
[worker 2/8 cyclic stride=8]: 107.634 ms
[worker 0/8 cyclic stride=8]: 107.932 ms
[worker 4/8 cyclic stride=8]: 114.477 ms
[worker 1/8 cyclic stride=8]: 123.667 ms
[worker 7/8 cyclic stride=8]: 125.760 ms
[worker 3/8 cyclic stride=8]: 130.337 ms
[worker 5/8 cyclic stride=8]: 132.125 ms
[worker 6/8 cyclic stride=8]: 131.705 ms
[mandelbrot thread]:		[122.852] ms
Wrote image file mandelbrot-thread.ppm
				(4.95x speedup from 8 threads)
--- invocation 5 ---
[mandelbrot serial]:		[592.832] ms
Wrote image file mandelbrot-serial.ppm
[worker 7/8 cyclic stride=8]: 95.584 ms
[worker 4/8 cyclic stride=8]: 97.462 ms
[worker 3/8 cyclic stride=8]: 102.105 ms
[worker 1/8 cyclic stride=8]: 104.451 ms
[worker 6/8 cyclic stride=8]: 113.488 ms
[worker 0/8 cyclic stride=8]: 113.576 ms
[worker 5/8 cyclic stride=8]: 114.745 ms
[worker 2/8 cyclic stride=8]: 115.713 ms
[worker 6/8 cyclic stride=8]: 102.593 ms
[worker 4/8 cyclic stride=8]: 105.149 ms
[worker 2/8 cyclic stride=8]: 109.646 ms
[worker 7/8 cyclic stride=8]: 106.109 ms
[worker 0/8 cyclic stride=8]: 113.531 ms
[worker 3/8 cyclic stride=8]: 114.026 ms
[worker 1/8 cyclic stride=8]: 122.075 ms
[worker 5/8 cyclic stride=8]: 121.788 ms
[worker 6/8 cyclic stride=8]: 122.159 ms
[worker 4/8 cyclic stride=8]: 123.239 ms
[worker 7/8 cyclic stride=8]: 123.763 ms
[worker 1/8 cyclic stride=8]: 128.156 ms
[worker 3/8 cyclic stride=8]: 130.187 ms
[worker 0/8 cyclic stride=8]: 133.674 ms
[worker 5/8 cyclic stride=8]: 134.235 ms
[worker 2/8 cyclic stride=8]: 135.130 ms
[worker 1/8 cyclic stride=8]: 110.435 ms
[worker 4/8 cyclic stride=8]: 111.075 ms
[worker 7/8 cyclic stride=8]: 116.745 ms
[worker 2/8 cyclic stride=8]: 124.272 ms
[worker 0/8 cyclic stride=8]: 123.813 ms
[worker 6/8 cyclic stride=8]: 131.894 ms
[worker 3/8 cyclic stride=8]: 133.840 ms
[worker 5/8 cyclic stride=8]: 141.973 ms
[worker 7/8 cyclic stride=8]: 110.576 ms
[worker 6/8 cyclic stride=8]: 115.036 ms
[worker 1/8 cyclic stride=8]: 119.112 ms
[worker 3/8 cyclic stride=8]: 122.778 ms
[worker 4/8 cyclic stride=8]: 138.754 ms
[worker 5/8 cyclic stride=8]: 143.771 ms
[worker 2/8 cyclic stride=8]: 146.183 ms
[worker 0/8 cyclic stride=8]: 148.511 ms
[mandelbrot thread]:		[116.190] ms
Wrote image file mandelbrot-thread.ppm
				(5.10x speedup from 8 threads)
