=== Warmup: 5 runs at -t 8 -v 2 ===

=== Measurements: 5 runs per thread count, view 2 (cyclic) ===

------- threads = 2 (10s cooldown + 1 warmup) -------
--- invocation 1 ---
[mandelbrot serial]:		[342.986] ms
Wrote image file mandelbrot-serial.ppm
[worker 0/2 cyclic stride=2]: 189.689 ms
[worker 1/2 cyclic stride=2]: 189.813 ms
[worker 1/2 cyclic stride=2]: 198.476 ms
[worker 0/2 cyclic stride=2]: 199.288 ms
[worker 1/2 cyclic stride=2]: 203.168 ms
[worker 0/2 cyclic stride=2]: 204.325 ms
[worker 0/2 cyclic stride=2]: 211.625 ms
[worker 1/2 cyclic stride=2]: 212.692 ms
[worker 1/2 cyclic stride=2]: 199.252 ms
[worker 0/2 cyclic stride=2]: 201.883 ms
[mandelbrot thread]:		[190.231] ms
Wrote image file mandelbrot-thread.ppm
				(1.80x speedup from 2 threads)
--- invocation 2 ---
[mandelbrot serial]:		[364.909] ms
Wrote image file mandelbrot-serial.ppm
[worker 1/2 cyclic stride=2]: 183.278 ms
[worker 0/2 cyclic stride=2]: 183.606 ms
[worker 0/2 cyclic stride=2]: 188.254 ms
[worker 1/2 cyclic stride=2]: 191.578 ms
[worker 1/2 cyclic stride=2]: 195.534 ms
[worker 0/2 cyclic stride=2]: 197.787 ms
[worker 1/2 cyclic stride=2]: 194.858 ms
[worker 0/2 cyclic stride=2]: 195.196 ms
[worker 1/2 cyclic stride=2]: 204.116 ms
[worker 0/2 cyclic stride=2]: 205.313 ms
[mandelbrot thread]:		[183.748] ms
Wrote image file mandelbrot-thread.ppm
				(1.99x speedup from 2 threads)
--- invocation 3 ---
[mandelbrot serial]:		[342.203] ms
Wrote image file mandelbrot-serial.ppm
[worker 0/2 cyclic stride=2]: 181.364 ms
[worker 1/2 cyclic stride=2]: 183.655 ms
[worker 0/2 cyclic stride=2]: 183.749 ms
[worker 1/2 cyclic stride=2]: 184.006 ms
[worker 1/2 cyclic stride=2]: 193.688 ms
[worker 0/2 cyclic stride=2]: 194.973 ms
[worker 0/2 cyclic stride=2]: 200.646 ms
[worker 1/2 cyclic stride=2]: 201.059 ms
[worker 0/2 cyclic stride=2]: 202.291 ms
[worker 1/2 cyclic stride=2]: 202.518 ms
[mandelbrot thread]:		[184.078] ms
Wrote image file mandelbrot-thread.ppm
				(1.86x speedup from 2 threads)
--- invocation 4 ---
[mandelbrot serial]:		[346.417] ms
Wrote image file mandelbrot-serial.ppm
[worker 1/2 cyclic stride=2]: 196.963 ms
[worker 0/2 cyclic stride=2]: 197.914 ms
[worker 0/2 cyclic stride=2]: 193.304 ms
[worker 1/2 cyclic stride=2]: 193.247 ms
[worker 1/2 cyclic stride=2]: 205.423 ms
[worker 0/2 cyclic stride=2]: 206.108 ms
[worker 1/2 cyclic stride=2]: 199.656 ms
[worker 0/2 cyclic stride=2]: 200.468 ms
[worker 0/2 cyclic stride=2]: 196.525 ms
[worker 1/2 cyclic stride=2]: 197.754 ms
[mandelbrot thread]:		[193.546] ms
Wrote image file mandelbrot-thread.ppm
				(1.79x speedup from 2 threads)
--- invocation 5 ---
[mandelbrot serial]:		[376.914] ms
Wrote image file mandelbrot-serial.ppm
[worker 1/2 cyclic stride=2]: 188.131 ms
[worker 0/2 cyclic stride=2]: 189.137 ms
[worker 1/2 cyclic stride=2]: 194.889 ms
[worker 0/2 cyclic stride=2]: 194.977 ms
[worker 0/2 cyclic stride=2]: 190.649 ms
[worker 1/2 cyclic stride=2]: 190.625 ms
[worker 1/2 cyclic stride=2]: 200.896 ms
[worker 0/2 cyclic stride=2]: 201.447 ms
[worker 0/2 cyclic stride=2]: 201.914 ms
[worker 1/2 cyclic stride=2]: 202.004 ms
[mandelbrot thread]:		[189.274] ms
Wrote image file mandelbrot-thread.ppm
				(1.99x speedup from 2 threads)

------- threads = 3 (10s cooldown + 1 warmup) -------
--- invocation 1 ---
[mandelbrot serial]:		[358.582] ms
Wrote image file mandelbrot-serial.ppm
[worker 0/3 cyclic stride=3]: 123.306 ms
[worker 2/3 cyclic stride=3]: 124.174 ms
[worker 1/3 cyclic stride=3]: 127.569 ms
[worker 1/3 cyclic stride=3]: 125.003 ms
[worker 2/3 cyclic stride=3]: 130.578 ms
[worker 0/3 cyclic stride=3]: 131.008 ms
[worker 2/3 cyclic stride=3]: 130.800 ms
[worker 0/3 cyclic stride=3]: 132.726 ms
[worker 1/3 cyclic stride=3]: 133.860 ms
[worker 0/3 cyclic stride=3]: 130.877 ms
[worker 1/3 cyclic stride=3]: 133.317 ms
[worker 2/3 cyclic stride=3]: 135.394 ms
[worker 0/3 cyclic stride=3]: 136.403 ms
[worker 2/3 cyclic stride=3]: 137.688 ms
[worker 1/3 cyclic stride=3]: 140.410 ms
[mandelbrot thread]:		[127.957] ms
Wrote image file mandelbrot-thread.ppm
				(2.80x speedup from 3 threads)
--- invocation 2 ---
[mandelbrot serial]:		[346.196] ms
Wrote image file mandelbrot-serial.ppm
[worker 2/3 cyclic stride=3]: 124.395 ms
[worker 1/3 cyclic stride=3]: 125.466 ms
[worker 0/3 cyclic stride=3]: 126.600 ms
[worker 1/3 cyclic stride=3]: 131.316 ms
[worker 2/3 cyclic stride=3]: 134.163 ms
[worker 0/3 cyclic stride=3]: 134.419 ms
[worker 0/3 cyclic stride=3]: 139.134 ms
[worker 2/3 cyclic stride=3]: 140.688 ms
[worker 1/3 cyclic stride=3]: 141.147 ms
[worker 0/3 cyclic stride=3]: 142.501 ms
[worker 2/3 cyclic stride=3]: 143.294 ms
[worker 1/3 cyclic stride=3]: 147.290 ms
[worker 0/3 cyclic stride=3]: 140.824 ms
[worker 1/3 cyclic stride=3]: 140.955 ms
[worker 2/3 cyclic stride=3]: 143.280 ms
[mandelbrot thread]:		[127.000] ms
Wrote image file mandelbrot-thread.ppm
				(2.73x speedup from 3 threads)
--- invocation 3 ---
[mandelbrot serial]:		[349.742] ms
Wrote image file mandelbrot-serial.ppm
[worker 0/3 cyclic stride=3]: 123.243 ms
[worker 1/3 cyclic stride=3]: 126.237 ms
[worker 2/3 cyclic stride=3]: 126.464 ms
[worker 2/3 cyclic stride=3]: 127.688 ms
[worker 0/3 cyclic stride=3]: 128.040 ms
[worker 1/3 cyclic stride=3]: 130.112 ms
[worker 2/3 cyclic stride=3]: 139.677 ms
[worker 0/3 cyclic stride=3]: 141.508 ms
[worker 1/3 cyclic stride=3]: 144.049 ms
[worker 2/3 cyclic stride=3]: 146.654 ms
[worker 1/3 cyclic stride=3]: 148.506 ms
[worker 0/3 cyclic stride=3]: 153.573 ms
[worker 0/3 cyclic stride=3]: 140.847 ms
[worker 2/3 cyclic stride=3]: 140.891 ms
[worker 1/3 cyclic stride=3]: 141.656 ms
[mandelbrot thread]:		[126.883] ms
Wrote image file mandelbrot-thread.ppm
				(2.76x speedup from 3 threads)
--- invocation 4 ---
[mandelbrot serial]:		[350.151] ms
Wrote image file mandelbrot-serial.ppm
[worker 2/3 cyclic stride=3]: 131.508 ms
[worker 0/3 cyclic stride=3]: 132.098 ms
[worker 1/3 cyclic stride=3]: 133.450 ms
[worker 1/3 cyclic stride=3]: 132.439 ms
[worker 0/3 cyclic stride=3]: 134.031 ms
[worker 2/3 cyclic stride=3]: 136.025 ms
[worker 0/3 cyclic stride=3]: 131.776 ms
[worker 2/3 cyclic stride=3]: 133.831 ms
[worker 1/3 cyclic stride=3]: 134.121 ms
[worker 2/3 cyclic stride=3]: 142.289 ms
[worker 0/3 cyclic stride=3]: 142.657 ms
[worker 1/3 cyclic stride=3]: 145.824 ms
[worker 2/3 cyclic stride=3]: 142.893 ms
[worker 1/3 cyclic stride=3]: 146.368 ms
[worker 0/3 cyclic stride=3]: 148.863 ms
[mandelbrot thread]:		[133.764] ms
Wrote image file mandelbrot-thread.ppm
				(2.62x speedup from 3 threads)
--- invocation 5 ---
[mandelbrot serial]:		[352.971] ms
Wrote image file mandelbrot-serial.ppm
[worker 0/3 cyclic stride=3]: 132.352 ms
[worker 1/3 cyclic stride=3]: 134.510 ms
[worker 2/3 cyclic stride=3]: 134.729 ms
[worker 0/3 cyclic stride=3]: 128.818 ms
[worker 1/3 cyclic stride=3]: 130.055 ms
[worker 2/3 cyclic stride=3]: 130.329 ms
[worker 0/3 cyclic stride=3]: 141.503 ms
[worker 1/3 cyclic stride=3]: 148.344 ms
[worker 2/3 cyclic stride=3]: 158.871 ms
[worker 1/3 cyclic stride=3]: 137.084 ms
[worker 0/3 cyclic stride=3]: 138.665 ms
[worker 2/3 cyclic stride=3]: 140.036 ms
[worker 2/3 cyclic stride=3]: 132.584 ms
[worker 0/3 cyclic stride=3]: 133.708 ms
[worker 1/3 cyclic stride=3]: 135.395 ms
[mandelbrot thread]:		[130.775] ms
Wrote image file mandelbrot-thread.ppm
				(2.70x speedup from 3 threads)

------- threads = 4 (10s cooldown + 1 warmup) -------
--- invocation 1 ---
[mandelbrot serial]:		[350.954] ms
Wrote image file mandelbrot-serial.ppm
[worker 0/4 cyclic stride=4]: 99.648 ms
[worker 1/4 cyclic stride=4]: 100.194 ms
[worker 3/4 cyclic stride=4]: 103.946 ms
[worker 2/4 cyclic stride=4]: 104.148 ms
[worker 2/4 cyclic stride=4]: 105.157 ms
[worker 0/4 cyclic stride=4]: 107.216 ms
[worker 1/4 cyclic stride=4]: 108.164 ms
[worker 3/4 cyclic stride=4]: 109.102 ms
[worker 1/4 cyclic stride=4]: 107.420 ms
[worker 2/4 cyclic stride=4]: 111.132 ms
[worker 3/4 cyclic stride=4]: 112.048 ms
[worker 0/4 cyclic stride=4]: 114.649 ms
[worker 2/4 cyclic stride=4]: 107.593 ms
[worker 1/4 cyclic stride=4]: 111.942 ms
[worker 0/4 cyclic stride=4]: 112.353 ms
[worker 3/4 cyclic stride=4]: 114.751 ms
[worker 3/4 cyclic stride=4]: 108.935 ms
[worker 2/4 cyclic stride=4]: 110.637 ms
[worker 1/4 cyclic stride=4]: 112.529 ms
[worker 0/4 cyclic stride=4]: 112.519 ms
[mandelbrot thread]:		[104.481] ms
Wrote image file mandelbrot-thread.ppm
				(3.36x speedup from 4 threads)
--- invocation 2 ---
[mandelbrot serial]:		[346.996] ms
Wrote image file mandelbrot-serial.ppm
[worker 2/4 cyclic stride=4]: 97.824 ms
[worker 0/4 cyclic stride=4]: 99.904 ms
[worker 1/4 cyclic stride=4]: 101.169 ms
[worker 3/4 cyclic stride=4]: 103.137 ms
[worker 1/4 cyclic stride=4]: 102.189 ms
[worker 2/4 cyclic stride=4]: 104.149 ms
[worker 0/4 cyclic stride=4]: 106.810 ms
[worker 3/4 cyclic stride=4]: 107.252 ms
[worker 2/4 cyclic stride=4]: 104.773 ms
[worker 1/4 cyclic stride=4]: 105.441 ms
[worker 0/4 cyclic stride=4]: 106.680 ms
[worker 3/4 cyclic stride=4]: 108.715 ms
[worker 2/4 cyclic stride=4]: 108.841 ms
[worker 0/4 cyclic stride=4]: 109.744 ms
[worker 1/4 cyclic stride=4]: 110.272 ms
[worker 3/4 cyclic stride=4]: 111.244 ms
[worker 1/4 cyclic stride=4]: 112.189 ms
[worker 2/4 cyclic stride=4]: 115.219 ms
[worker 0/4 cyclic stride=4]: 115.197 ms
[worker 3/4 cyclic stride=4]: 116.764 ms
[mandelbrot thread]:		[103.737] ms
Wrote image file mandelbrot-thread.ppm
				(3.34x speedup from 4 threads)
--- invocation 3 ---
[mandelbrot serial]:		[354.008] ms
Wrote image file mandelbrot-serial.ppm
[worker 0/4 cyclic stride=4]: 96.319 ms
[worker 1/4 cyclic stride=4]: 97.476 ms
[worker 3/4 cyclic stride=4]: 97.554 ms
[worker 2/4 cyclic stride=4]: 98.500 ms
[worker 0/4 cyclic stride=4]: 99.716 ms
[worker 3/4 cyclic stride=4]: 100.765 ms
[worker 2/4 cyclic stride=4]: 101.103 ms
[worker 1/4 cyclic stride=4]: 102.239 ms
[worker 1/4 cyclic stride=4]: 101.026 ms
[worker 0/4 cyclic stride=4]: 101.818 ms
[worker 2/4 cyclic stride=4]: 104.761 ms
[worker 3/4 cyclic stride=4]: 105.403 ms
[worker 0/4 cyclic stride=4]: 106.425 ms
[worker 3/4 cyclic stride=4]: 106.739 ms
[worker 1/4 cyclic stride=4]: 107.765 ms
[worker 2/4 cyclic stride=4]: 109.662 ms
[worker 1/4 cyclic stride=4]: 114.944 ms
[worker 0/4 cyclic stride=4]: 115.137 ms
[worker 3/4 cyclic stride=4]: 115.871 ms
[worker 2/4 cyclic stride=4]: 117.291 ms
[mandelbrot thread]:		[98.955] ms
Wrote image file mandelbrot-thread.ppm
				(3.58x speedup from 4 threads)
--- invocation 4 ---
[mandelbrot serial]:		[359.778] ms
Wrote image file mandelbrot-serial.ppm
[worker 1/4 cyclic stride=4]: 98.396 ms
[worker 3/4 cyclic stride=4]: 98.712 ms
[worker 2/4 cyclic stride=4]: 102.156 ms
[worker 0/4 cyclic stride=4]: 103.162 ms
[worker 0/4 cyclic stride=4]: 110.971 ms
[worker 1/4 cyclic stride=4]: 112.867 ms
[worker 3/4 cyclic stride=4]: 116.388 ms
[worker 2/4 cyclic stride=4]: 123.378 ms
[worker 1/4 cyclic stride=4]: 116.026 ms
[worker 0/4 cyclic stride=4]: 120.224 ms
[worker 2/4 cyclic stride=4]: 121.750 ms
[worker 3/4 cyclic stride=4]: 125.860 ms
[worker 0/4 cyclic stride=4]: 110.353 ms
[worker 3/4 cyclic stride=4]: 112.460 ms
[worker 2/4 cyclic stride=4]: 114.162 ms
[worker 1/4 cyclic stride=4]: 115.191 ms
[worker 1/4 cyclic stride=4]: 115.847 ms
[worker 3/4 cyclic stride=4]: 117.769 ms
[worker 0/4 cyclic stride=4]: 119.611 ms
[worker 2/4 cyclic stride=4]: 119.792 ms
[mandelbrot thread]:		[103.740] ms
Wrote image file mandelbrot-thread.ppm
				(3.47x speedup from 4 threads)
--- invocation 5 ---
[mandelbrot serial]:		[343.717] ms
Wrote image file mandelbrot-serial.ppm
[worker 2/4 cyclic stride=4]: 93.357 ms
[worker 3/4 cyclic stride=4]: 94.108 ms
[worker 1/4 cyclic stride=4]: 94.957 ms
[worker 0/4 cyclic stride=4]: 95.199 ms
[worker 3/4 cyclic stride=4]: 100.583 ms
[worker 1/4 cyclic stride=4]: 101.910 ms
[worker 2/4 cyclic stride=4]: 102.217 ms
[worker 0/4 cyclic stride=4]: 106.416 ms
[worker 2/4 cyclic stride=4]: 116.587 ms
[worker 1/4 cyclic stride=4]: 119.736 ms
[worker 3/4 cyclic stride=4]: 120.545 ms
[worker 0/4 cyclic stride=4]: 121.655 ms
[worker 3/4 cyclic stride=4]: 112.247 ms
[worker 2/4 cyclic stride=4]: 113.588 ms
[worker 0/4 cyclic stride=4]: 115.593 ms
[worker 1/4 cyclic stride=4]: 116.184 ms
[worker 0/4 cyclic stride=4]: 114.965 ms
[worker 2/4 cyclic stride=4]: 117.205 ms
[worker 1/4 cyclic stride=4]: 117.827 ms
[worker 3/4 cyclic stride=4]: 118.743 ms
[mandelbrot thread]:		[95.508] ms
Wrote image file mandelbrot-thread.ppm
				(3.60x speedup from 4 threads)

------- threads = 5 (10s cooldown + 1 warmup) -------
--- invocation 1 ---
[mandelbrot serial]:		[354.978] ms
Wrote image file mandelbrot-serial.ppm
[worker 0/5 cyclic stride=5]: 77.186 ms
[worker 3/5 cyclic stride=5]: 77.747 ms
[worker 2/5 cyclic stride=5]: 78.855 ms
[worker 4/5 cyclic stride=5]: 79.445 ms
[worker 1/5 cyclic stride=5]: 81.289 ms
[worker 1/5 cyclic stride=5]: 80.572 ms
[worker 3/5 cyclic stride=5]: 82.189 ms
[worker 2/5 cyclic stride=5]: 82.303 ms
[worker 4/5 cyclic stride=5]: 87.178 ms
[worker 0/5 cyclic stride=5]: 92.496 ms
[worker 0/5 cyclic stride=5]: 86.683 ms
[worker 1/5 cyclic stride=5]: 88.428 ms
[worker 3/5 cyclic stride=5]: 93.135 ms
[worker 4/5 cyclic stride=5]: 93.088 ms
[worker 2/5 cyclic stride=5]: 94.289 ms
[worker 4/5 cyclic stride=5]: 89.023 ms
[worker 1/5 cyclic stride=5]: 89.862 ms
[worker 2/5 cyclic stride=5]: 92.848 ms
[worker 0/5 cyclic stride=5]: 94.569 ms
[worker 3/5 cyclic stride=5]: 97.567 ms
[worker 4/5 cyclic stride=5]: 92.464 ms
[worker 3/5 cyclic stride=5]: 95.058 ms
[worker 1/5 cyclic stride=5]: 96.899 ms
[worker 2/5 cyclic stride=5]: 97.019 ms
[worker 0/5 cyclic stride=5]: 98.036 ms
[mandelbrot thread]:		[81.646] ms
Wrote image file mandelbrot-thread.ppm
				(4.35x speedup from 5 threads)
--- invocation 2 ---
[mandelbrot serial]:		[358.468] ms
Wrote image file mandelbrot-serial.ppm
[worker 0/5 cyclic stride=5]: 87.332 ms
[worker 1/5 cyclic stride=5]: 93.622 ms
[worker 3/5 cyclic stride=5]: 93.539 ms
[worker 4/5 cyclic stride=5]: 94.782 ms
[worker 2/5 cyclic stride=5]: 95.728 ms
[worker 3/5 cyclic stride=5]: 93.694 ms
[worker 4/5 cyclic stride=5]: 95.481 ms
[worker 0/5 cyclic stride=5]: 95.549 ms
[worker 2/5 cyclic stride=5]: 96.114 ms
[worker 1/5 cyclic stride=5]: 99.119 ms
[worker 4/5 cyclic stride=5]: 112.355 ms
[worker 2/5 cyclic stride=5]: 113.617 ms
[worker 0/5 cyclic stride=5]: 116.977 ms
[worker 3/5 cyclic stride=5]: 120.760 ms
[worker 1/5 cyclic stride=5]: 126.140 ms
[worker 2/5 cyclic stride=5]: 123.847 ms
[worker 4/5 cyclic stride=5]: 128.325 ms
[worker 0/5 cyclic stride=5]: 131.483 ms
[worker 1/5 cyclic stride=5]: 135.726 ms
[worker 3/5 cyclic stride=5]: 137.851 ms
[worker 0/5 cyclic stride=5]: 117.093 ms
[worker 3/5 cyclic stride=5]: 120.131 ms
[worker 1/5 cyclic stride=5]: 120.577 ms
[worker 4/5 cyclic stride=5]: 126.816 ms
[worker 2/5 cyclic stride=5]: 133.800 ms
[mandelbrot thread]:		[96.122] ms
Wrote image file mandelbrot-thread.ppm
				(3.73x speedup from 5 threads)
--- invocation 3 ---
[mandelbrot serial]:		[350.207] ms
Wrote image file mandelbrot-serial.ppm
[worker 2/5 cyclic stride=5]: 82.402 ms
[worker 0/5 cyclic stride=5]: 83.226 ms
[worker 4/5 cyclic stride=5]: 84.015 ms
[worker 3/5 cyclic stride=5]: 84.690 ms
[worker 1/5 cyclic stride=5]: 85.187 ms
[worker 0/5 cyclic stride=5]: 84.903 ms
[worker 3/5 cyclic stride=5]: 85.769 ms
[worker 4/5 cyclic stride=5]: 89.162 ms
[worker 2/5 cyclic stride=5]: 89.650 ms
[worker 1/5 cyclic stride=5]: 93.332 ms
[worker 0/5 cyclic stride=5]: 86.617 ms
[worker 2/5 cyclic stride=5]: 86.732 ms
[worker 1/5 cyclic stride=5]: 87.060 ms
[worker 4/5 cyclic stride=5]: 87.934 ms
[worker 3/5 cyclic stride=5]: 89.787 ms
[worker 4/5 cyclic stride=5]: 88.912 ms
[worker 3/5 cyclic stride=5]: 90.870 ms
[worker 0/5 cyclic stride=5]: 91.977 ms
[worker 1/5 cyclic stride=5]: 93.908 ms
[worker 2/5 cyclic stride=5]: 97.198 ms
[worker 0/5 cyclic stride=5]: 89.426 ms
[worker 2/5 cyclic stride=5]: 90.116 ms
[worker 4/5 cyclic stride=5]: 93.814 ms
[worker 3/5 cyclic stride=5]: 97.309 ms
[worker 1/5 cyclic stride=5]: 99.203 ms
[mandelbrot thread]:		[85.535] ms
Wrote image file mandelbrot-thread.ppm
				(4.09x speedup from 5 threads)
--- invocation 4 ---
[mandelbrot serial]:		[350.020] ms
Wrote image file mandelbrot-serial.ppm
[worker 0/5 cyclic stride=5]: 76.946 ms
[worker 2/5 cyclic stride=5]: 80.320 ms
[worker 3/5 cyclic stride=5]: 81.605 ms
[worker 4/5 cyclic stride=5]: 81.545 ms
[worker 1/5 cyclic stride=5]: 83.601 ms
[worker 4/5 cyclic stride=5]: 83.411 ms
[worker 1/5 cyclic stride=5]: 84.021 ms
[worker 2/5 cyclic stride=5]: 90.030 ms
[worker 3/5 cyclic stride=5]: 89.931 ms
[worker 0/5 cyclic stride=5]: 90.814 ms
[worker 3/5 cyclic stride=5]: 95.196 ms
[worker 0/5 cyclic stride=5]: 95.131 ms
[worker 2/5 cyclic stride=5]: 96.494 ms
[worker 1/5 cyclic stride=5]: 98.731 ms
[worker 4/5 cyclic stride=5]: 100.128 ms
[worker 4/5 cyclic stride=5]: 92.153 ms
[worker 3/5 cyclic stride=5]: 93.280 ms
[worker 2/5 cyclic stride=5]: 94.475 ms
[worker 0/5 cyclic stride=5]: 94.519 ms
[worker 1/5 cyclic stride=5]: 95.394 ms
[worker 0/5 cyclic stride=5]: 95.438 ms
[worker 3/5 cyclic stride=5]: 96.864 ms
[worker 1/5 cyclic stride=5]: 98.394 ms
[worker 2/5 cyclic stride=5]: 98.880 ms
[worker 4/5 cyclic stride=5]: 100.036 ms
[mandelbrot thread]:		[84.031] ms
Wrote image file mandelbrot-thread.ppm
				(4.17x speedup from 5 threads)
--- invocation 5 ---
[mandelbrot serial]:		[354.948] ms
Wrote image file mandelbrot-serial.ppm
[worker 0/5 cyclic stride=5]: 79.736 ms
[worker 4/5 cyclic stride=5]: 80.674 ms
[worker 3/5 cyclic stride=5]: 80.810 ms
[worker 1/5 cyclic stride=5]: 81.336 ms
[worker 2/5 cyclic stride=5]: 81.412 ms
[worker 4/5 cyclic stride=5]: 87.256 ms
[worker 0/5 cyclic stride=5]: 88.361 ms
[worker 3/5 cyclic stride=5]: 88.592 ms
[worker 2/5 cyclic stride=5]: 89.981 ms
[worker 1/5 cyclic stride=5]: 90.612 ms
[worker 3/5 cyclic stride=5]: 89.213 ms
[worker 0/5 cyclic stride=5]: 91.189 ms
[worker 1/5 cyclic stride=5]: 92.525 ms
[worker 2/5 cyclic stride=5]: 92.523 ms
[worker 4/5 cyclic stride=5]: 92.707 ms
[worker 2/5 cyclic stride=5]: 91.112 ms
[worker 1/5 cyclic stride=5]: 91.423 ms
[worker 4/5 cyclic stride=5]: 91.137 ms
[worker 3/5 cyclic stride=5]: 91.671 ms
[worker 0/5 cyclic stride=5]: 93.662 ms
[worker 4/5 cyclic stride=5]: 88.674 ms
[worker 0/5 cyclic stride=5]: 89.353 ms
[worker 2/5 cyclic stride=5]: 89.699 ms
[worker 3/5 cyclic stride=5]: 89.910 ms
[worker 1/5 cyclic stride=5]: 90.285 ms
[mandelbrot thread]:		[81.854] ms
Wrote image file mandelbrot-thread.ppm
				(4.34x speedup from 5 threads)

------- threads = 6 (10s cooldown + 1 warmup) -------
--- invocation 1 ---
[mandelbrot serial]:		[347.143] ms
Wrote image file mandelbrot-serial.ppm
[worker 1/6 cyclic stride=6]: 68.828 ms
[worker 4/6 cyclic stride=6]: 68.819 ms
[worker 5/6 cyclic stride=6]: 71.535 ms
[worker 0/6 cyclic stride=6]: 73.036 ms
[worker 2/6 cyclic stride=6]: 73.288 ms
[worker 3/6 cyclic stride=6]: 75.397 ms
[worker 3/6 cyclic stride=6]: 77.782 ms
[worker 1/6 cyclic stride=6]: 79.447 ms
[worker 0/6 cyclic stride=6]: 82.269 ms
[worker 2/6 cyclic stride=6]: 82.846 ms
[worker 4/6 cyclic stride=6]: 83.244 ms
[worker 5/6 cyclic stride=6]: 88.720 ms
[worker 3/6 cyclic stride=6]: 76.935 ms
[worker 4/6 cyclic stride=6]: 81.267 ms
[worker 5/6 cyclic stride=6]: 82.560 ms
[worker 0/6 cyclic stride=6]: 82.609 ms
[worker 2/6 cyclic stride=6]: 84.502 ms
[worker 1/6 cyclic stride=6]: 87.112 ms
[worker 5/6 cyclic stride=6]: 78.771 ms
[worker 3/6 cyclic stride=6]: 79.164 ms
[worker 4/6 cyclic stride=6]: 79.391 ms
[worker 0/6 cyclic stride=6]: 80.731 ms
[worker 2/6 cyclic stride=6]: 81.164 ms
[worker 1/6 cyclic stride=6]: 82.765 ms
[worker 4/6 cyclic stride=6]: 82.771 ms
[worker 1/6 cyclic stride=6]: 83.862 ms
[worker 0/6 cyclic stride=6]: 84.889 ms
[worker 3/6 cyclic stride=6]: 85.377 ms
[worker 5/6 cyclic stride=6]: 85.196 ms
[worker 2/6 cyclic stride=6]: 86.908 ms
[mandelbrot thread]:		[75.857] ms
Wrote image file mandelbrot-thread.ppm
				(4.58x speedup from 6 threads)
--- invocation 2 ---
[mandelbrot serial]:		[342.636] ms
Wrote image file mandelbrot-serial.ppm
[worker 3/6 cyclic stride=6]: 80.979 ms
[worker 1/6 cyclic stride=6]: 82.383 ms
[worker 0/6 cyclic stride=6]: 81.939 ms
[worker 4/6 cyclic stride=6]: 82.405 ms
[worker 2/6 cyclic stride=6]: 83.811 ms
[worker 5/6 cyclic stride=6]: 85.174 ms
[worker 4/6 cyclic stride=6]: 76.627 ms
[worker 2/6 cyclic stride=6]: 78.130 ms
[worker 5/6 cyclic stride=6]: 77.894 ms
[worker 0/6 cyclic stride=6]: 79.058 ms
[worker 3/6 cyclic stride=6]: 79.303 ms
[worker 1/6 cyclic stride=6]: 83.647 ms
[worker 4/6 cyclic stride=6]: 75.765 ms
[worker 0/6 cyclic stride=6]: 76.097 ms
[worker 2/6 cyclic stride=6]: 77.635 ms
[worker 1/6 cyclic stride=6]: 77.908 ms
[worker 5/6 cyclic stride=6]: 78.268 ms
[worker 3/6 cyclic stride=6]: 79.286 ms
[worker 5/6 cyclic stride=6]: 77.824 ms
[worker 2/6 cyclic stride=6]: 78.641 ms
[worker 3/6 cyclic stride=6]: 79.024 ms
[worker 0/6 cyclic stride=6]: 79.811 ms
[worker 4/6 cyclic stride=6]: 80.082 ms
[worker 1/6 cyclic stride=6]: 81.346 ms
[worker 5/6 cyclic stride=6]: 81.258 ms
[worker 2/6 cyclic stride=6]: 81.574 ms
[worker 4/6 cyclic stride=6]: 81.806 ms
[worker 0/6 cyclic stride=6]: 82.026 ms
[worker 3/6 cyclic stride=6]: 82.817 ms
[worker 1/6 cyclic stride=6]: 84.832 ms
[mandelbrot thread]:		[79.779] ms
Wrote image file mandelbrot-thread.ppm
				(4.29x speedup from 6 threads)
--- invocation 3 ---
[mandelbrot serial]:		[348.370] ms
Wrote image file mandelbrot-serial.ppm
[worker 3/6 cyclic stride=6]: 66.824 ms
[worker 1/6 cyclic stride=6]: 67.918 ms
[worker 5/6 cyclic stride=6]: 68.459 ms
[worker 0/6 cyclic stride=6]: 68.898 ms
[worker 4/6 cyclic stride=6]: 69.945 ms
[worker 2/6 cyclic stride=6]: 72.355 ms
[worker 3/6 cyclic stride=6]: 72.802 ms
[worker 4/6 cyclic stride=6]: 73.339 ms
[worker 5/6 cyclic stride=6]: 73.917 ms
[worker 1/6 cyclic stride=6]: 74.374 ms
[worker 2/6 cyclic stride=6]: 77.876 ms
[worker 0/6 cyclic stride=6]: 84.694 ms
[worker 5/6 cyclic stride=6]: 73.812 ms
[worker 1/6 cyclic stride=6]: 76.996 ms
[worker 0/6 cyclic stride=6]: 77.027 ms
[worker 3/6 cyclic stride=6]: 79.878 ms
[worker 2/6 cyclic stride=6]: 80.663 ms
[worker 4/6 cyclic stride=6]: 80.642 ms
[worker 1/6 cyclic stride=6]: 74.191 ms
[worker 2/6 cyclic stride=6]: 76.515 ms
[worker 3/6 cyclic stride=6]: 77.538 ms
[worker 4/6 cyclic stride=6]: 77.784 ms
[worker 5/6 cyclic stride=6]: 80.425 ms
[worker 0/6 cyclic stride=6]: 81.350 ms
[worker 3/6 cyclic stride=6]: 78.092 ms
[worker 0/6 cyclic stride=6]: 79.927 ms
[worker 2/6 cyclic stride=6]: 80.547 ms
[worker 1/6 cyclic stride=6]: 81.196 ms
[worker 5/6 cyclic stride=6]: 81.823 ms
[worker 4/6 cyclic stride=6]: 83.162 ms
[mandelbrot thread]:		[72.851] ms
Wrote image file mandelbrot-thread.ppm
				(4.78x speedup from 6 threads)
--- invocation 4 ---
[mandelbrot serial]:		[357.627] ms
Wrote image file mandelbrot-serial.ppm
[worker 4/6 cyclic stride=6]: 73.411 ms
[worker 2/6 cyclic stride=6]: 74.303 ms
[worker 1/6 cyclic stride=6]: 75.377 ms
[worker 0/6 cyclic stride=6]: 75.633 ms
[worker 3/6 cyclic stride=6]: 77.178 ms
[worker 5/6 cyclic stride=6]: 76.900 ms
[worker 3/6 cyclic stride=6]: 72.018 ms
[worker 5/6 cyclic stride=6]: 72.974 ms
[worker 4/6 cyclic stride=6]: 73.984 ms
[worker 1/6 cyclic stride=6]: 74.696 ms
[worker 2/6 cyclic stride=6]: 76.468 ms
[worker 0/6 cyclic stride=6]: 79.790 ms
[worker 2/6 cyclic stride=6]: 75.090 ms
[worker 3/6 cyclic stride=6]: 75.422 ms
[worker 1/6 cyclic stride=6]: 76.243 ms
[worker 4/6 cyclic stride=6]: 76.477 ms
[worker 5/6 cyclic stride=6]: 77.103 ms
[worker 0/6 cyclic stride=6]: 78.092 ms
[worker 4/6 cyclic stride=6]: 80.728 ms
[worker 3/6 cyclic stride=6]: 81.586 ms
[worker 2/6 cyclic stride=6]: 82.157 ms
[worker 1/6 cyclic stride=6]: 84.301 ms
[worker 0/6 cyclic stride=6]: 85.038 ms
[worker 5/6 cyclic stride=6]: 85.389 ms
[worker 4/6 cyclic stride=6]: 83.785 ms
[worker 5/6 cyclic stride=6]: 85.767 ms
[worker 0/6 cyclic stride=6]: 85.929 ms
[worker 3/6 cyclic stride=6]: 87.427 ms
[worker 2/6 cyclic stride=6]: 87.659 ms
[worker 1/6 cyclic stride=6]: 91.470 ms
[mandelbrot thread]:		[78.429] ms
Wrote image file mandelbrot-thread.ppm
				(4.56x speedup from 6 threads)
--- invocation 5 ---
[mandelbrot serial]:		[358.996] ms
Wrote image file mandelbrot-serial.ppm
[worker 4/6 cyclic stride=6]: 66.765 ms
[worker 2/6 cyclic stride=6]: 68.560 ms
[worker 5/6 cyclic stride=6]: 68.843 ms
[worker 0/6 cyclic stride=6]: 69.435 ms
[worker 3/6 cyclic stride=6]: 70.942 ms
[worker 1/6 cyclic stride=6]: 72.048 ms
[worker 2/6 cyclic stride=6]: 78.854 ms
[worker 3/6 cyclic stride=6]: 84.473 ms
[worker 4/6 cyclic stride=6]: 84.463 ms
[worker 0/6 cyclic stride=6]: 89.888 ms
[worker 5/6 cyclic stride=6]: 90.979 ms
[worker 1/6 cyclic stride=6]: 98.481 ms
[worker 4/6 cyclic stride=6]: 78.280 ms
[worker 5/6 cyclic stride=6]: 80.466 ms
[worker 2/6 cyclic stride=6]: 81.375 ms
[worker 1/6 cyclic stride=6]: 81.643 ms
[worker 0/6 cyclic stride=6]: 81.429 ms
[worker 3/6 cyclic stride=6]: 84.230 ms
[worker 1/6 cyclic stride=6]: 77.043 ms
[worker 5/6 cyclic stride=6]: 76.651 ms
[worker 2/6 cyclic stride=6]: 77.744 ms
[worker 3/6 cyclic stride=6]: 78.764 ms
[worker 4/6 cyclic stride=6]: 79.301 ms
[worker 0/6 cyclic stride=6]: 79.636 ms
[worker 4/6 cyclic stride=6]: 80.051 ms
[worker 1/6 cyclic stride=6]: 81.595 ms
[worker 0/6 cyclic stride=6]: 81.472 ms
[worker 2/6 cyclic stride=6]: 83.227 ms
[worker 3/6 cyclic stride=6]: 83.641 ms
[worker 5/6 cyclic stride=6]: 83.781 ms
[mandelbrot thread]:		[72.420] ms
Wrote image file mandelbrot-thread.ppm
				(4.96x speedup from 6 threads)

------- threads = 7 (10s cooldown + 1 warmup) -------
--- invocation 1 ---
[mandelbrot serial]:		[343.077] ms
Wrote image file mandelbrot-serial.ppm
[worker 6/7 cyclic stride=7]: 64.860 ms
[worker 2/7 cyclic stride=7]: 65.824 ms
[worker 5/7 cyclic stride=7]: 65.720 ms
[worker 3/7 cyclic stride=7]: 68.140 ms
[worker 0/7 cyclic stride=7]: 68.913 ms
[worker 4/7 cyclic stride=7]: 71.090 ms
[worker 1/7 cyclic stride=7]: 72.878 ms
[worker 2/7 cyclic stride=7]: 71.745 ms
[worker 4/7 cyclic stride=7]: 73.951 ms
[worker 5/7 cyclic stride=7]: 74.918 ms
[worker 6/7 cyclic stride=7]: 77.184 ms
[worker 0/7 cyclic stride=7]: 83.844 ms
[worker 1/7 cyclic stride=7]: 84.797 ms
[worker 3/7 cyclic stride=7]: 88.168 ms
[worker 4/7 cyclic stride=7]: 65.493 ms
[worker 1/7 cyclic stride=7]: 66.261 ms
[worker 3/7 cyclic stride=7]: 66.549 ms
[worker 5/7 cyclic stride=7]: 66.603 ms
[worker 0/7 cyclic stride=7]: 70.259 ms
[worker 6/7 cyclic stride=7]: 74.086 ms
[worker 2/7 cyclic stride=7]: 75.673 ms
[worker 1/7 cyclic stride=7]: 69.149 ms
[worker 0/7 cyclic stride=7]: 72.292 ms
[worker 4/7 cyclic stride=7]: 74.484 ms
[worker 2/7 cyclic stride=7]: 75.064 ms
[worker 3/7 cyclic stride=7]: 76.347 ms
[worker 6/7 cyclic stride=7]: 75.970 ms
[worker 5/7 cyclic stride=7]: 78.079 ms
[worker 4/7 cyclic stride=7]: 71.750 ms
[worker 1/7 cyclic stride=7]: 74.328 ms
[worker 5/7 cyclic stride=7]: 76.168 ms
[worker 6/7 cyclic stride=7]: 77.409 ms
[worker 0/7 cyclic stride=7]: 77.824 ms
[worker 3/7 cyclic stride=7]: 78.644 ms
[worker 2/7 cyclic stride=7]: 82.835 ms
[mandelbrot thread]:		[73.301] ms
Wrote image file mandelbrot-thread.ppm
				(4.68x speedup from 7 threads)
--- invocation 2 ---
[mandelbrot serial]:		[354.397] ms
Wrote image file mandelbrot-serial.ppm
[worker 1/7 cyclic stride=7]: 64.265 ms
[worker 5/7 cyclic stride=7]: 64.759 ms
[worker 2/7 cyclic stride=7]: 66.666 ms
[worker 0/7 cyclic stride=7]: 67.266 ms
[worker 4/7 cyclic stride=7]: 67.502 ms
[worker 6/7 cyclic stride=7]: 68.113 ms
[worker 3/7 cyclic stride=7]: 69.555 ms
[worker 6/7 cyclic stride=7]: 65.919 ms
[worker 0/7 cyclic stride=7]: 66.031 ms
[worker 2/7 cyclic stride=7]: 67.571 ms
[worker 1/7 cyclic stride=7]: 69.726 ms
[worker 3/7 cyclic stride=7]: 69.716 ms
[worker 4/7 cyclic stride=7]: 70.024 ms
[worker 5/7 cyclic stride=7]: 71.733 ms
[worker 2/7 cyclic stride=7]: 71.604 ms
[worker 3/7 cyclic stride=7]: 72.391 ms
[worker 1/7 cyclic stride=7]: 74.157 ms
[worker 5/7 cyclic stride=7]: 74.112 ms
[worker 0/7 cyclic stride=7]: 76.073 ms
[worker 6/7 cyclic stride=7]: 77.605 ms
[worker 4/7 cyclic stride=7]: 81.382 ms
[worker 1/7 cyclic stride=7]: 68.390 ms
[worker 2/7 cyclic stride=7]: 69.018 ms
[worker 3/7 cyclic stride=7]: 68.976 ms
[worker 4/7 cyclic stride=7]: 72.103 ms
[worker 5/7 cyclic stride=7]: 72.640 ms
[worker 0/7 cyclic stride=7]: 73.214 ms
[worker 6/7 cyclic stride=7]: 75.765 ms
[worker 2/7 cyclic stride=7]: 79.074 ms
[worker 5/7 cyclic stride=7]: 79.742 ms
[worker 1/7 cyclic stride=7]: 88.557 ms
[worker 0/7 cyclic stride=7]: 90.823 ms
[worker 4/7 cyclic stride=7]: 94.063 ms
[worker 6/7 cyclic stride=7]: 95.206 ms
[worker 3/7 cyclic stride=7]: 96.782 ms
[mandelbrot thread]:		[70.486] ms
Wrote image file mandelbrot-thread.ppm
				(5.03x speedup from 7 threads)
--- invocation 3 ---
[mandelbrot serial]:		[346.362] ms
Wrote image file mandelbrot-serial.ppm
[worker 4/7 cyclic stride=7]: 60.662 ms
[worker 1/7 cyclic stride=7]: 61.348 ms
[worker 3/7 cyclic stride=7]: 62.109 ms
[worker 6/7 cyclic stride=7]: 63.699 ms
[worker 5/7 cyclic stride=7]: 64.949 ms
[worker 0/7 cyclic stride=7]: 66.689 ms
[worker 2/7 cyclic stride=7]: 67.200 ms
[worker 2/7 cyclic stride=7]: 62.681 ms
[worker 5/7 cyclic stride=7]: 63.347 ms
[worker 6/7 cyclic stride=7]: 64.335 ms
[worker 0/7 cyclic stride=7]: 65.458 ms
[worker 1/7 cyclic stride=7]: 66.217 ms
[worker 4/7 cyclic stride=7]: 68.570 ms
[worker 3/7 cyclic stride=7]: 68.776 ms
[worker 3/7 cyclic stride=7]: 64.518 ms
[worker 5/7 cyclic stride=7]: 64.231 ms
[worker 4/7 cyclic stride=7]: 65.348 ms
[worker 2/7 cyclic stride=7]: 66.375 ms
[worker 0/7 cyclic stride=7]: 66.436 ms
[worker 1/7 cyclic stride=7]: 69.725 ms
[worker 6/7 cyclic stride=7]: 69.821 ms
[worker 1/7 cyclic stride=7]: 65.872 ms
[worker 3/7 cyclic stride=7]: 67.977 ms
[worker 6/7 cyclic stride=7]: 68.440 ms
[worker 4/7 cyclic stride=7]: 69.490 ms
[worker 2/7 cyclic stride=7]: 70.635 ms
[worker 0/7 cyclic stride=7]: 70.137 ms
[worker 5/7 cyclic stride=7]: 72.657 ms
[worker 2/7 cyclic stride=7]: 66.165 ms
[worker 0/7 cyclic stride=7]: 67.123 ms
[worker 6/7 cyclic stride=7]: 67.265 ms
[worker 5/7 cyclic stride=7]: 68.298 ms
[worker 3/7 cyclic stride=7]: 71.086 ms
[worker 1/7 cyclic stride=7]: 73.097 ms
[worker 4/7 cyclic stride=7]: 75.650 ms
[mandelbrot thread]:		[67.644] ms
Wrote image file mandelbrot-thread.ppm
				(5.12x speedup from 7 threads)
--- invocation 4 ---
[mandelbrot serial]:		[346.663] ms
Wrote image file mandelbrot-serial.ppm
[worker 6/7 cyclic stride=7]: 58.399 ms
[worker 5/7 cyclic stride=7]: 58.992 ms
[worker 2/7 cyclic stride=7]: 60.252 ms
[worker 1/7 cyclic stride=7]: 60.343 ms
[worker 4/7 cyclic stride=7]: 61.164 ms
[worker 0/7 cyclic stride=7]: 61.327 ms
[worker 3/7 cyclic stride=7]: 62.375 ms
[worker 0/7 cyclic stride=7]: 61.550 ms
[worker 4/7 cyclic stride=7]: 62.356 ms
[worker 3/7 cyclic stride=7]: 63.888 ms
[worker 5/7 cyclic stride=7]: 63.946 ms
[worker 1/7 cyclic stride=7]: 64.739 ms
[worker 2/7 cyclic stride=7]: 68.045 ms
[worker 6/7 cyclic stride=7]: 68.366 ms
[worker 5/7 cyclic stride=7]: 70.525 ms
[worker 1/7 cyclic stride=7]: 71.789 ms
[worker 2/7 cyclic stride=7]: 75.683 ms
[worker 4/7 cyclic stride=7]: 76.825 ms
[worker 0/7 cyclic stride=7]: 76.642 ms
[worker 3/7 cyclic stride=7]: 80.454 ms
[worker 6/7 cyclic stride=7]: 81.213 ms
[worker 1/7 cyclic stride=7]: 67.462 ms
[worker 2/7 cyclic stride=7]: 70.036 ms
[worker 5/7 cyclic stride=7]: 70.092 ms
[worker 3/7 cyclic stride=7]: 70.457 ms
[worker 0/7 cyclic stride=7]: 70.657 ms
[worker 4/7 cyclic stride=7]: 71.061 ms
[worker 6/7 cyclic stride=7]: 72.843 ms
[worker 2/7 cyclic stride=7]: 71.100 ms
[worker 0/7 cyclic stride=7]: 73.814 ms
[worker 5/7 cyclic stride=7]: 74.373 ms
[worker 3/7 cyclic stride=7]: 77.420 ms
[worker 1/7 cyclic stride=7]: 78.787 ms
[worker 6/7 cyclic stride=7]: 85.177 ms
[worker 4/7 cyclic stride=7]: 88.009 ms
[mandelbrot thread]:		[62.908] ms
Wrote image file mandelbrot-thread.ppm
				(5.51x speedup from 7 threads)
--- invocation 5 ---
[mandelbrot serial]:		[348.816] ms
Wrote image file mandelbrot-serial.ppm
[worker 6/7 cyclic stride=7]: 59.649 ms
[worker 5/7 cyclic stride=7]: 60.604 ms
[worker 4/7 cyclic stride=7]: 61.127 ms
[worker 3/7 cyclic stride=7]: 61.401 ms
[worker 0/7 cyclic stride=7]: 61.474 ms
[worker 1/7 cyclic stride=7]: 62.569 ms
[worker 2/7 cyclic stride=7]: 64.922 ms
[worker 0/7 cyclic stride=7]: 66.365 ms
[worker 6/7 cyclic stride=7]: 66.407 ms
[worker 1/7 cyclic stride=7]: 69.100 ms
[worker 2/7 cyclic stride=7]: 71.783 ms
[worker 5/7 cyclic stride=7]: 72.469 ms
[worker 3/7 cyclic stride=7]: 75.229 ms
[worker 4/7 cyclic stride=7]: 78.981 ms
[worker 5/7 cyclic stride=7]: 73.399 ms
[worker 0/7 cyclic stride=7]: 78.587 ms
[worker 3/7 cyclic stride=7]: 78.939 ms
[worker 1/7 cyclic stride=7]: 79.511 ms
[worker 4/7 cyclic stride=7]: 80.907 ms
[worker 2/7 cyclic stride=7]: 84.725 ms
[worker 6/7 cyclic stride=7]: 90.886 ms
[worker 1/7 cyclic stride=7]: 72.510 ms
[worker 3/7 cyclic stride=7]: 76.378 ms
[worker 5/7 cyclic stride=7]: 78.689 ms
[worker 6/7 cyclic stride=7]: 81.578 ms
[worker 0/7 cyclic stride=7]: 84.249 ms
[worker 2/7 cyclic stride=7]: 85.162 ms
[worker 4/7 cyclic stride=7]: 87.448 ms
[worker 5/7 cyclic stride=7]: 71.770 ms
[worker 4/7 cyclic stride=7]: 74.240 ms
[worker 3/7 cyclic stride=7]: 74.928 ms
[worker 1/7 cyclic stride=7]: 75.201 ms
[worker 2/7 cyclic stride=7]: 75.634 ms
[worker 6/7 cyclic stride=7]: 76.396 ms
[worker 0/7 cyclic stride=7]: 80.082 ms
[mandelbrot thread]:		[65.463] ms
Wrote image file mandelbrot-thread.ppm
				(5.33x speedup from 7 threads)

------- threads = 8 (10s cooldown + 1 warmup) -------
--- invocation 1 ---
[mandelbrot serial]:		[315.760] ms
Wrote image file mandelbrot-serial.ppm
[worker 5/8 cyclic stride=8]: 45.233 ms
[worker 4/8 cyclic stride=8]: 45.717 ms
[worker 3/8 cyclic stride=8]: 46.357 ms
[worker 1/8 cyclic stride=8]: 46.734 ms
[worker 2/8 cyclic stride=8]: 47.248 ms
[worker 7/8 cyclic stride=8]: 49.515 ms
[worker 6/8 cyclic stride=8]: 50.296 ms
[worker 0/8 cyclic stride=8]: 52.101 ms
[worker 1/8 cyclic stride=8]: 50.745 ms
[worker 5/8 cyclic stride=8]: 50.637 ms
[worker 3/8 cyclic stride=8]: 51.258 ms
[worker 6/8 cyclic stride=8]: 52.367 ms
[worker 2/8 cyclic stride=8]: 53.502 ms
[worker 4/8 cyclic stride=8]: 53.728 ms
[worker 0/8 cyclic stride=8]: 56.574 ms
[worker 7/8 cyclic stride=8]: 56.988 ms
[worker 3/8 cyclic stride=8]: 50.777 ms
[worker 4/8 cyclic stride=8]: 51.977 ms
[worker 1/8 cyclic stride=8]: 52.364 ms
[worker 0/8 cyclic stride=8]: 52.010 ms
[worker 6/8 cyclic stride=8]: 52.975 ms
[worker 5/8 cyclic stride=8]: 55.048 ms
[worker 7/8 cyclic stride=8]: 55.175 ms
[worker 2/8 cyclic stride=8]: 64.649 ms
[worker 5/8 cyclic stride=8]: 51.322 ms
[worker 1/8 cyclic stride=8]: 52.450 ms
[worker 7/8 cyclic stride=8]: 51.941 ms
[worker 2/8 cyclic stride=8]: 52.828 ms
[worker 6/8 cyclic stride=8]: 55.771 ms
[worker 3/8 cyclic stride=8]: 56.153 ms
[worker 4/8 cyclic stride=8]: 59.764 ms
[worker 0/8 cyclic stride=8]: 60.843 ms
[worker 3/8 cyclic stride=8]: 55.630 ms
[worker 7/8 cyclic stride=8]: 55.518 ms
[worker 6/8 cyclic stride=8]: 55.783 ms
[worker 5/8 cyclic stride=8]: 56.403 ms
[worker 0/8 cyclic stride=8]: 56.565 ms
[worker 2/8 cyclic stride=8]: 57.342 ms
[worker 4/8 cyclic stride=8]: 59.628 ms
[worker 1/8 cyclic stride=8]: 61.088 ms
[mandelbrot thread]:		[52.769] ms
Wrote image file mandelbrot-thread.ppm
				(5.98x speedup from 8 threads)
--- invocation 2 ---
[mandelbrot serial]:		[316.004] ms
Wrote image file mandelbrot-serial.ppm
[worker 3/8 cyclic stride=8]: 49.586 ms
[worker 5/8 cyclic stride=8]: 50.123 ms
[worker 7/8 cyclic stride=8]: 51.328 ms
[worker 4/8 cyclic stride=8]: 53.699 ms
[worker 6/8 cyclic stride=8]: 54.852 ms
[worker 2/8 cyclic stride=8]: 55.749 ms
[worker 1/8 cyclic stride=8]: 58.085 ms
[worker 0/8 cyclic stride=8]: 58.047 ms
[worker 7/8 cyclic stride=8]: 51.990 ms
[worker 1/8 cyclic stride=8]: 53.906 ms
[worker 2/8 cyclic stride=8]: 54.290 ms
[worker 6/8 cyclic stride=8]: 54.023 ms
[worker 4/8 cyclic stride=8]: 54.425 ms
[worker 0/8 cyclic stride=8]: 57.951 ms
[worker 3/8 cyclic stride=8]: 59.493 ms
[worker 5/8 cyclic stride=8]: 60.476 ms
[worker 4/8 cyclic stride=8]: 52.934 ms
[worker 6/8 cyclic stride=8]: 54.419 ms
[worker 1/8 cyclic stride=8]: 54.995 ms
[worker 2/8 cyclic stride=8]: 57.210 ms
[worker 7/8 cyclic stride=8]: 57.116 ms
[worker 0/8 cyclic stride=8]: 58.035 ms
[worker 5/8 cyclic stride=8]: 59.519 ms
[worker 3/8 cyclic stride=8]: 60.281 ms
[worker 5/8 cyclic stride=8]: 55.083 ms
[worker 7/8 cyclic stride=8]: 55.293 ms
[worker 2/8 cyclic stride=8]: 57.195 ms
[worker 3/8 cyclic stride=8]: 59.664 ms
[worker 0/8 cyclic stride=8]: 60.660 ms
[worker 6/8 cyclic stride=8]: 60.803 ms
[worker 1/8 cyclic stride=8]: 65.735 ms
[worker 4/8 cyclic stride=8]: 65.647 ms
[worker 5/8 cyclic stride=8]: 62.225 ms
[worker 0/8 cyclic stride=8]: 63.853 ms
[worker 3/8 cyclic stride=8]: 65.514 ms
[worker 6/8 cyclic stride=8]: 66.418 ms
[worker 2/8 cyclic stride=8]: 66.833 ms
[worker 1/8 cyclic stride=8]: 67.818 ms
[worker 7/8 cyclic stride=8]: 65.548 ms
[worker 4/8 cyclic stride=8]: 75.836 ms
[mandelbrot thread]:		[58.746] ms
Wrote image file mandelbrot-thread.ppm
				(5.38x speedup from 8 threads)
--- invocation 3 ---
[mandelbrot serial]:		[313.294] ms
Wrote image file mandelbrot-serial.ppm
[worker 1/8 cyclic stride=8]: 61.492 ms
[worker 7/8 cyclic stride=8]: 66.964 ms
[worker 4/8 cyclic stride=8]: 72.745 ms
[worker 3/8 cyclic stride=8]: 76.112 ms
[worker 6/8 cyclic stride=8]: 81.708 ms
[worker 2/8 cyclic stride=8]: 83.409 ms
[worker 5/8 cyclic stride=8]: 83.914 ms
[worker 0/8 cyclic stride=8]: 91.460 ms
[worker 2/8 cyclic stride=8]: 82.055 ms
[worker 4/8 cyclic stride=8]: 81.982 ms
[worker 7/8 cyclic stride=8]: 83.883 ms
[worker 1/8 cyclic stride=8]: 86.858 ms
[worker 3/8 cyclic stride=8]: 86.950 ms
[worker 0/8 cyclic stride=8]: 93.259 ms
[worker 5/8 cyclic stride=8]: 97.429 ms
[worker 6/8 cyclic stride=8]: 89.820 ms
[worker 3/8 cyclic stride=8]: 62.191 ms
[worker 2/8 cyclic stride=8]: 64.475 ms
[worker 5/8 cyclic stride=8]: 72.865 ms
[worker 6/8 cyclic stride=8]: 80.839 ms
[worker 4/8 cyclic stride=8]: 81.482 ms
[worker 1/8 cyclic stride=8]: 82.843 ms
[worker 0/8 cyclic stride=8]: 83.908 ms
[worker 7/8 cyclic stride=8]: 84.449 ms
[worker 7/8 cyclic stride=8]: 74.194 ms
[worker 6/8 cyclic stride=8]: 76.174 ms
[worker 0/8 cyclic stride=8]: 77.162 ms
[worker 1/8 cyclic stride=8]: 78.636 ms
[worker 4/8 cyclic stride=8]: 81.948 ms
[worker 3/8 cyclic stride=8]: 84.066 ms
[worker 2/8 cyclic stride=8]: 85.064 ms
[worker 5/8 cyclic stride=8]: 88.089 ms
[worker 6/8 cyclic stride=8]: 66.774 ms
[worker 3/8 cyclic stride=8]: 71.194 ms
[worker 7/8 cyclic stride=8]: 71.053 ms
[worker 2/8 cyclic stride=8]: 77.446 ms
[worker 4/8 cyclic stride=8]: 88.812 ms
[worker 5/8 cyclic stride=8]: 92.677 ms
[worker 1/8 cyclic stride=8]: 95.310 ms
[worker 0/8 cyclic stride=8]: 100.238 ms
[mandelbrot thread]:		[86.198] ms
Wrote image file mandelbrot-thread.ppm
				(3.63x speedup from 8 threads)
--- invocation 4 ---
[mandelbrot serial]:		[374.298] ms
Wrote image file mandelbrot-serial.ppm
[worker 4/8 cyclic stride=8]: 85.672 ms
[worker 3/8 cyclic stride=8]: 87.483 ms
[worker 7/8 cyclic stride=8]: 88.372 ms
[worker 1/8 cyclic stride=8]: 93.086 ms
[worker 2/8 cyclic stride=8]: 106.225 ms
[worker 6/8 cyclic stride=8]: 112.479 ms
[worker 5/8 cyclic stride=8]: 116.155 ms
[worker 0/8 cyclic stride=8]: 117.983 ms
[worker 4/8 cyclic stride=8]: 88.544 ms
[worker 5/8 cyclic stride=8]: 98.723 ms
[worker 3/8 cyclic stride=8]: 100.815 ms
[worker 7/8 cyclic stride=8]: 107.093 ms
[worker 6/8 cyclic stride=8]: 107.627 ms
[worker 0/8 cyclic stride=8]: 117.700 ms
[worker 1/8 cyclic stride=8]: 125.390 ms
[worker 2/8 cyclic stride=8]: 129.383 ms
[worker 5/8 cyclic stride=8]: 74.171 ms
[worker 4/8 cyclic stride=8]: 78.105 ms
[worker 3/8 cyclic stride=8]: 81.684 ms
[worker 7/8 cyclic stride=8]: 81.961 ms
[worker 1/8 cyclic stride=8]: 114.674 ms
[worker 6/8 cyclic stride=8]: 114.132 ms
[worker 2/8 cyclic stride=8]: 117.022 ms
[worker 0/8 cyclic stride=8]: 119.855 ms
[worker 3/8 cyclic stride=8]: 82.122 ms
[worker 2/8 cyclic stride=8]: 87.340 ms
[worker 7/8 cyclic stride=8]: 91.282 ms
[worker 6/8 cyclic stride=8]: 80.896 ms
[worker 5/8 cyclic stride=8]: 102.702 ms
[worker 1/8 cyclic stride=8]: 107.053 ms
[worker 4/8 cyclic stride=8]: 109.391 ms
[worker 0/8 cyclic stride=8]: 110.541 ms
[worker 2/8 cyclic stride=8]: 79.107 ms
[worker 6/8 cyclic stride=8]: 79.525 ms
[worker 3/8 cyclic stride=8]: 83.664 ms
[worker 7/8 cyclic stride=8]: 78.212 ms
[worker 5/8 cyclic stride=8]: 88.499 ms
[worker 1/8 cyclic stride=8]: 94.039 ms
[worker 4/8 cyclic stride=8]: 88.094 ms
[worker 0/8 cyclic stride=8]: 102.241 ms
[mandelbrot thread]:		[104.348] ms
Wrote image file mandelbrot-thread.ppm
				(3.59x speedup from 8 threads)
--- invocation 5 ---
[mandelbrot serial]:		[394.736] ms
Wrote image file mandelbrot-serial.ppm
[worker 0/8 cyclic stride=8]: 53.702 ms
[worker 7/8 cyclic stride=8]: 54.479 ms
[worker 4/8 cyclic stride=8]: 57.534 ms
[worker 1/8 cyclic stride=8]: 57.955 ms
[worker 2/8 cyclic stride=8]: 64.735 ms
[worker 5/8 cyclic stride=8]: 65.063 ms
[worker 6/8 cyclic stride=8]: 65.608 ms
[worker 3/8 cyclic stride=8]: 68.913 ms
[worker 4/8 cyclic stride=8]: 55.509 ms
[worker 5/8 cyclic stride=8]: 58.089 ms
[worker 6/8 cyclic stride=8]: 58.129 ms
[worker 1/8 cyclic stride=8]: 66.129 ms
[worker 0/8 cyclic stride=8]: 68.656 ms
[worker 2/8 cyclic stride=8]: 69.947 ms
[worker 7/8 cyclic stride=8]: 70.257 ms
[worker 3/8 cyclic stride=8]: 78.757 ms
[worker 6/8 cyclic stride=8]: 59.381 ms
[worker 7/8 cyclic stride=8]: 56.959 ms
[worker 4/8 cyclic stride=8]: 61.796 ms
[worker 0/8 cyclic stride=8]: 62.082 ms
[worker 2/8 cyclic stride=8]: 69.423 ms
[worker 5/8 cyclic stride=8]: 73.071 ms
[worker 1/8 cyclic stride=8]: 73.618 ms
[worker 3/8 cyclic stride=8]: 76.028 ms
[worker 2/8 cyclic stride=8]: 66.779 ms
[worker 6/8 cyclic stride=8]: 67.718 ms
[worker 3/8 cyclic stride=8]: 68.479 ms
[worker 4/8 cyclic stride=8]: 69.732 ms
[worker 1/8 cyclic stride=8]: 70.758 ms
[worker 5/8 cyclic stride=8]: 77.455 ms
[worker 0/8 cyclic stride=8]: 98.319 ms
[worker 7/8 cyclic stride=8]: 97.546 ms
[worker 6/8 cyclic stride=8]: 74.822 ms
[worker 4/8 cyclic stride=8]: 76.031 ms
[worker 2/8 cyclic stride=8]: 77.223 ms
[worker 5/8 cyclic stride=8]: 78.978 ms
[worker 1/8 cyclic stride=8]: 80.757 ms
[worker 3/8 cyclic stride=8]: 81.476 ms
[worker 7/8 cyclic stride=8]: 89.838 ms
[worker 0/8 cyclic stride=8]: 108.330 ms
[mandelbrot thread]:		[69.506] ms
Wrote image file mandelbrot-thread.ppm
				(5.68x speedup from 8 threads)
