=== Program 4 Q3 one slow lane per gang: cooldown 60s + 5 measured invocations ===
Input: values[i] = (i % 8 == 0) ? 2.999f : 1.0f
Expected effect: each 8-wide gang has one slow lane and seven immediately inactive lanes.
--- invocation 1 (cooldown 60s) ---
[sqrt serial]:		[280.188] ms
[sqrt ispc]:		[314.675] ms
[sqrt task ispc]:	[50.063] ms
				(0.89x speedup from ISPC)
				(5.60x speedup from task ISPC)
--- invocation 2 (cooldown 60s) ---
[sqrt serial]:		[269.051] ms
[sqrt ispc]:		[317.028] ms
[sqrt task ispc]:	[52.795] ms
				(0.85x speedup from ISPC)
				(5.10x speedup from task ISPC)
--- invocation 3 (cooldown 60s) ---
[sqrt serial]:		[299.240] ms
[sqrt ispc]:		[312.670] ms
[sqrt task ispc]:	[51.251] ms
				(0.96x speedup from ISPC)
				(5.84x speedup from task ISPC)
--- invocation 4 (cooldown 60s) ---
[sqrt serial]:		[264.963] ms
[sqrt ispc]:		[331.966] ms
[sqrt task ispc]:	[50.395] ms
				(0.80x speedup from ISPC)
				(5.26x speedup from task ISPC)
--- invocation 5 (cooldown 60s) ---
[sqrt serial]:		[263.326] ms
[sqrt ispc]:		[342.202] ms
[sqrt task ispc]:	[55.477] ms
				(0.77x speedup from ISPC)
				(4.75x speedup from task ISPC)
