=== Program 5 Q1 saxpy baseline: cooldown 60s + 5 measured invocations ===
Input: N = 20,000,000, arrayX[i] = i, arrayY[i] = i, scale = 2
--- invocation 1 (cooldown 60s) ---
[saxpy ispc]:		[11.348] ms	[26.261] GB/s	[3.525] GFLOPS
[saxpy task ispc]:	[11.666] ms	[25.546] GB/s	[3.429] GFLOPS
				(0.97x speedup from use of tasks)
--- invocation 2 (cooldown 60s) ---
[saxpy ispc]:		[13.555] ms	[21.985] GB/s	[2.951] GFLOPS
[saxpy task ispc]:	[11.450] ms	[26.027] GB/s	[3.493] GFLOPS
				(1.18x speedup from use of tasks)
--- invocation 3 (cooldown 60s) ---
[saxpy ispc]:		[18.099] ms	[16.466] GB/s	[2.210] GFLOPS
[saxpy task ispc]:	[14.121] ms	[21.105] GB/s	[2.833] GFLOPS
				(1.28x speedup from use of tasks)
--- invocation 4 (cooldown 60s) ---
[saxpy ispc]:		[17.915] ms	[16.635] GB/s	[2.233] GFLOPS
[saxpy task ispc]:	[13.911] ms	[21.424] GB/s	[2.875] GFLOPS
				(1.29x speedup from use of tasks)
--- invocation 5 (cooldown 60s) ---
[saxpy ispc]:		[14.771] ms	[20.176] GB/s	[2.708] GFLOPS
[saxpy task ispc]:	[13.282] ms	[22.438] GB/s	[3.012] GFLOPS
				(1.11x speedup from use of tasks)
